# MEAN_SAMPLE_SIZE = 57475
# TOTAL_GENES = 15956
# TEST_DIRECTION = one-sided, positive (set), one-sided, positive (covar)
# CONDITIONED_INTERNAL = gene size, gene density, sample size, inverse mac, log(gene size), log(gene density), log(sample size), log(inverse mac)
VARIABLE      TYPE  NGENES         BETA     BETA_STD           SE            P
Type0        COVAR   15956       16.955     0.033224        4.939   0.00029952
Type1        COVAR   15956       16.899     0.034522        4.728   0.00017635
Type2        COVAR   15956       23.279       0.0425       5.4329   9.2065e-06
Type3        COVAR   15956       19.655     0.039251       4.9195   3.2489e-05
Type4        COVAR   15956       20.114     0.037559       5.1618    4.899e-05
Type5        COVAR   15956       19.868     0.034136       5.6476   0.00021827
Type6        COVAR   15956       17.396     0.030192       5.5347   0.00083755
Type7        COVAR   15956       22.173     0.039324       5.3884   1.9483e-05
Type8        COVAR   15956       18.498     0.036178       4.8431   6.7163e-05
Type9        COVAR   15956       5.8078     0.014588       3.5695     0.051875
Type10       COVAR   15956       11.268     0.025633       4.2337    0.0038954
Type11       COVAR   15956       9.8262     0.020892       4.3271     0.011587
Type12       COVAR   15956       16.313     0.032745       4.9263   0.00046558
Type13       COVAR   15956       9.0138      0.01899       4.3117     0.018295
Type14       COVAR   15956       18.722     0.034808        5.036     0.000101
Type15       COVAR   15956       22.069     0.041207       5.1752   1.0098e-05
Type16       COVAR   15956       11.863     0.026427       4.2445    0.0025988
Type17       COVAR   15956       18.088     0.032097       5.3504   0.00036257
Type18       COVAR   15956         1.23    0.0024873       4.6514      0.39572
Type19       COVAR   15956       17.764     0.030987       5.5222    0.0006496
Type20       COVAR   15956       9.6725     0.018998       4.7615     0.021117
Type21       COVAR   15956       13.526      0.02637       5.0167    0.0035106
Type22       COVAR   15956       12.925     0.028498       4.2273    0.0011184
Type23       COVAR   15956       10.357     0.023979       4.1581    0.0063809
Type24       COVAR   15956       9.6071     0.021209       4.0622     0.009022
Type25       COVAR   15956       19.256     0.036508       5.0751   7.4392e-05
Type26       COVAR   15956       13.899     0.024344       5.3192    0.0044935
Type27       COVAR   15956       11.069      0.02262       4.6977    0.0092355
Type28       COVAR   15956        12.11     0.026342       4.3008    0.0024362
Type29       COVAR   15956        17.05     0.034542       4.6796   0.00013506
Type30       COVAR   15956       13.918     0.032265       3.9618   0.00022224
Type31       COVAR   15956       22.288     0.039268       5.4387   2.0965e-05
Type32       COVAR   15956       10.448      0.02086       4.8378     0.015412
Type33       COVAR   15956       13.099     0.024535       4.9869    0.0043175
Type34       COVAR   15956       5.0915      0.01454       3.2286     0.057411
Type35       COVAR   15956       7.1074     0.017202       3.7774     0.029961
Type36       COVAR   15956       5.0863     0.012863       3.7789     0.089169
Type37       COVAR   15956       6.3148     0.015449       3.6341     0.041147
Type38       COVAR   15956       3.2583    0.0068627       4.4158      0.23031
Type39       COVAR   15956       27.168     0.042535       6.0557   3.6538e-06
Type40       COVAR   15956       17.985     0.031995       5.3982   0.00043276
Type41       COVAR   15956       12.756     0.024295       4.6598    0.0030999
Type42       COVAR   15956       7.4447     0.015744        4.298     0.041635
Type43       COVAR   15956       18.362     0.033089       5.0532    0.0001402
Type44       COVAR   15956       6.7748     0.015828       4.1148     0.049848
Type45       COVAR   15956       11.002     0.022714       4.2909    0.0051788
Type46       COVAR   15956       22.065     0.037049       5.6986   5.4259e-05
Type47       COVAR   15956       24.942     0.042284       5.4733   2.6193e-06
Type48       COVAR   15956       12.205     0.023269       4.7831    0.0053664
Type49       COVAR   15956       26.091     0.044706       5.4009   6.8746e-07
Type50       COVAR   15956       16.716     0.030781       5.1559   0.00059459
Type51       COVAR   15956       29.012      0.04709       5.8319   3.3089e-07
Type52       COVAR   15956       29.781     0.049629       5.5721   4.6066e-08
Type53       COVAR   15956       16.598     0.030501        4.879   0.00033556
Type54       COVAR   15956       21.686     0.039865       4.9652   6.3293e-06
Type55       COVAR   15956       4.3756     0.010631       3.7032       0.1187
Type56       COVAR   15956       18.485     0.032675       5.2035   0.00019152
Type57       COVAR   15956       16.811     0.030944       4.8922   0.00029572
Type58       COVAR   15956       17.063     0.034976       4.5029   7.5838e-05
Type59       COVAR   15956       9.1233     0.022424       3.5618    0.0052175
Type60       COVAR   15956       23.311     0.041172       5.1593   3.1445e-06
Type61       COVAR   15956       20.493     0.037148       5.0442   2.4404e-05
Type62       COVAR   15956       16.368     0.032351       4.6724   0.00023067
Type63       COVAR   15956       10.842     0.023659       4.1012    0.0041063
Type64       COVAR   15956       12.978     0.026331       4.4057    0.0016141
Type65       COVAR   15956       23.423     0.040241         5.46   9.0008e-06
Type66       COVAR   15956       13.898     0.027671       4.6475    0.0013951
Type67       COVAR   15956       11.629     0.022502       4.6132     0.005859
Type68       COVAR   15956       4.8738     0.010999       3.9899      0.11095
Type69       COVAR   15956       2.8484    0.0056616       4.7931      0.27617
Type70       COVAR   15956       7.1326     0.014414       4.5578     0.058811
Type71       COVAR   15956      0.93177    0.0019236        4.582      0.41943
Type72       COVAR   15956      0.61992    0.0015185       3.8282      0.43568
Type73       COVAR   15956      0.52238    0.0011271       4.2882      0.45152
Type74       COVAR   15956       3.8627    0.0077425       4.7636      0.20872
Type75       COVAR   15956       2.5431    0.0055633       4.1765       0.2713
Type76       COVAR   15956        12.35      0.02395       4.7774    0.0048736
Type77       COVAR   15956       13.728      0.02527        5.195    0.0041201
Type78       COVAR   15956       8.7898     0.020705       3.9849     0.013709
Type79       COVAR   15956        5.054    0.0097415       4.8376      0.14808
Type80       COVAR   15956       2.1923    0.0043863       4.6756      0.31958
Type81       COVAR   15956       4.8507     0.011523       3.7502      0.09794
Type82       COVAR   15956       1.8135    0.0044287       3.6718       0.3107
Type83       COVAR   15956       3.7331     0.007654       4.4789      0.20229
Type84       COVAR   15956       1.0927    0.0025311       4.3069      0.39986
Type85       COVAR   15956       6.7895      0.01273       5.0965     0.091411
Type86       COVAR   15956     -0.44772  -0.00097549       4.3359      0.54112
Type87       COVAR   15956       3.3485    0.0067406       4.7294      0.23947
Type88       COVAR   15956      -4.4781    -0.012608       3.6609      0.88936
Type89       COVAR   15956      -2.8541   -0.0081135       3.3244      0.80469
Type90       COVAR   15956       16.933      0.02965       5.5676    0.0011798
Type91       COVAR   15956       7.8599     0.016258       4.7681     0.049644
Type92       COVAR   15956       9.9977      0.02565       3.5509    0.0024385
Type93       COVAR   15956       5.6098     0.016595        3.087     0.034602
Type94       COVAR   15956       10.523     0.025017       3.9742    0.0040555
Type95       COVAR   15956       4.3155     0.012358       3.1433       0.0849
Type96       COVAR   15956       10.611     0.024609       3.9491    0.0036099
Type97       COVAR   15956       6.4134     0.015263       3.9498     0.052227
Type98       COVAR   15956       5.2792     0.010928       4.5605      0.12353
Type99       COVAR   15956       2.3254    0.0067118       3.1567      0.23068
Type100      COVAR   15956      -1.7859   -0.0062267        2.549      0.75823
Type101      COVAR   15956    -0.067696  -0.00019825       3.2293      0.50836
Type102      COVAR   15956      -1.9752   -0.0046813       4.0209      0.68837
Type103      COVAR   15956       1.9652    0.0043804       4.2792      0.32303
Type104      COVAR   15956       1.5985    0.0058609       2.4002      0.25273
Type105      COVAR   15956       3.6443     0.011559       2.8105     0.097386
Type106      COVAR   15956       10.158     0.021615       4.3414    0.0096565
Type107      COVAR   15956      -1.6955   -0.0065782       2.3634      0.76343
Type108      COVAR   15956      -1.3819   -0.0045553       2.9136      0.68235
Type109      COVAR   15956      -1.5147   -0.0054759       2.6622       0.7153
Type110      COVAR   15956     -0.67831   -0.0025406       2.4978      0.60702
Type111      COVAR   15956      -1.2406    -0.004746       2.5008      0.69007
Type112      COVAR   15956      0.66776    0.0030269        2.103      0.37543
Type113      COVAR   15956       2.5702    0.0063958        3.787      0.24868
Type114      COVAR   15956      0.22094   0.00083238       2.4984      0.46477
Type115      COVAR   15956        3.033    0.0097972       2.9103      0.14868
Type116      COVAR   15956       1.1763    0.0042608       2.6774      0.33021
Type117      COVAR   15956        1.713    0.0067594       2.3962      0.23735
Type118      COVAR   15956       -2.111    -0.017012       1.1801      0.96317
Type119      COVAR   15956      -2.4842    -0.020717       1.0955      0.98832
Type120      COVAR   15956       10.456     0.025595       3.6469    0.0020755
Type121      COVAR   15956      -3.0918    -0.019267         1.47      0.98227
Type122      COVAR   15956      -1.7358    -0.014839       1.0626       0.9488
Type123      COVAR   15956     -0.13539  -0.00063504       2.0053      0.52691
Type124      COVAR   15956      0.83685    0.0075795      0.99127      0.19928
Type125      COVAR   15956     -0.40182   -0.0047621      0.79161      0.69413
Type126      COVAR   15956      -2.1859     -0.02782      0.75642      0.99807
Type127      COVAR   15956      -1.7323    -0.025575      0.63468      0.99682
Type128      COVAR   15956      -1.9158    -0.027043      0.67661      0.99768
Type129      COVAR   15956      -2.9611    -0.022593       1.2062      0.99295
Type130      COVAR   15956      -3.5556     -0.02631        1.235        0.998
Type131      COVAR   15956      -3.8645    -0.025938       1.3706      0.99759
Type132      COVAR   15956      -4.1373    -0.025535        1.498      0.99712
Type133      COVAR   15956      -3.6335     -0.02444       1.3766      0.99584
Type134      COVAR   15956        -4.07    -0.025467       1.4652      0.99726
Type135      COVAR   15956      -3.2617    -0.026003       1.1609      0.99752
Type136      COVAR   15956      -3.2521    -0.024721       1.2183       0.9962
Type137      COVAR   15956      -3.6295    -0.024334       1.4249      0.99456
Type138      COVAR   15956      -3.7468    -0.022371       1.6181       0.9897
Type139      COVAR   15956      -2.3766    -0.019878       1.1446      0.98106
Type140      COVAR   15956      -2.0328    -0.016677       1.1423      0.96242
Type141      COVAR   15956      -3.3373    -0.021832       1.4312      0.99014
Type142      COVAR   15956      -4.2211    -0.024378       1.6236      0.99533
Type143      COVAR   15956      -0.9086   -0.0050913       1.6416      0.71003
Type144      COVAR   15956      -1.5204   -0.0077624       1.8236      0.79777
Type145      COVAR   15956      -2.4351     -0.01184       1.9063      0.89926
Type146      COVAR   15956      -5.6759    -0.033467       1.5898      0.99982
Type147      COVAR   15956      -9.3932    -0.045012        2.005            1
Type148      COVAR   15956      -10.633    -0.046521       2.1754            1
Type149      COVAR   15956      -7.0987    -0.041609       1.6329      0.99999
Type150      COVAR   15956      -3.7845     -0.02669       1.2796      0.99845
Type151      COVAR   15956      -8.2689    -0.037164       2.0853      0.99996
Type152      COVAR   15956      -5.9387     -0.03472       1.6116      0.99989
Type153      COVAR   15956     -0.21313  -0.00056112       3.6921      0.52302
Type154      COVAR   15956       3.6915    0.0091893       3.9107      0.17261
Type155      COVAR   15956       5.5102     0.012474       4.2761     0.098779
Type156      COVAR   15956       1.8555    0.0044477       4.0248       0.3224
Type157      COVAR   15956       1.1721    0.0036215       3.1302      0.35404
Type158      COVAR   15956      -1.1174   -0.0045529       2.4156      0.67816
Type159      COVAR   15956       8.0552     0.018507       4.1252      0.02544
Type160      COVAR   15956       9.7283     0.022279       4.1956     0.010213
Type161      COVAR   15956       3.1256    0.0081554       3.6327      0.19479
Type162      COVAR   15956       2.1746     0.006899       3.0343       0.2368
Type163      COVAR   15956     -0.52226   -0.0019939       2.4862      0.58319
Type164      COVAR   15956      -1.1488   -0.0047996       2.2637      0.69409
Type165      COVAR   15956     -0.98861   -0.0040714       2.3163      0.66524
Type166      COVAR   15956     -0.24972   -0.0010553       2.2693      0.54381
Type167      COVAR   15956      -3.3334    -0.010308       3.1151       0.8577
Type168      COVAR   15956      -3.1629    -0.009557       3.1808      0.83997
Type169      COVAR   15956       -3.925   -0.0095088       3.9527      0.83963
Type170      COVAR   15956      -3.6905    -0.010273       3.4713      0.85614
Type171      COVAR   15956      -5.0334    -0.017759       2.7106      0.96833
Type172      COVAR   15956      -4.7949    -0.015016       3.0659      0.94107
Type173      COVAR   15956      -5.9965    -0.020883       2.7573      0.98517
Type174      COVAR   15956      -7.4683    -0.027901       2.5505      0.99829
Type175      COVAR   15956      -5.3412     -0.02448       1.9876      0.99639
Type176      COVAR   15956      -5.9959    -0.022051       2.6115      0.98915
Type177      COVAR   15956      -3.9553    -0.023003       1.6227       0.9926
Type178      COVAR   15956      -3.2697    -0.017206       1.7818      0.96674
Type179      COVAR   15956      -1.9669    -0.012159       1.5012      0.90493
Type180      COVAR   15956      -3.2146    -0.017459       1.7413      0.96755
Type181      COVAR   15956      -2.8149    -0.012791       2.0675      0.91331
Type182      COVAR   15956      -4.0602    -0.018277         2.09      0.97397
Type183      COVAR   15956      -5.2613    -0.022435        2.215      0.99122
Type184      COVAR   15956      -3.7577    -0.017075       2.0692      0.96531
Type185      COVAR   15956      -5.2308     -0.02233       2.2026      0.99121
Type186      COVAR   15956        -7.07    -0.023649       2.7057      0.99551
Type187      COVAR   15956      -8.2858    -0.031929       2.3811      0.99975
Type188      COVAR   15956      -8.3856    -0.034723       2.2456      0.99991
Type189      COVAR   15956      -6.4844    -0.027804       2.1525       0.9987
Type190      COVAR   15956      -7.4943    -0.030083       2.3199      0.99938
Type191      COVAR   15956      -7.1889    -0.028849       2.2929      0.99914
Type192      COVAR   15956      -7.7244     -0.03048       2.3773      0.99942
Type193      COVAR   15956      -5.1609    -0.025467       1.8702       0.9971
Type194      COVAR   15956       7.2345      0.01303       5.0152     0.074594
Type195      COVAR   15956       8.9129     0.013795       6.1914     0.075009
Type196      COVAR   15956       22.876     0.034706        5.908    5.424e-05
Type197      COVAR   15956        20.25     0.034533       5.6955   0.00018932
Type198      COVAR   15956       24.378     0.035555       6.5425   9.7667e-05
Type199      COVAR   15956       24.017     0.038897        5.824   1.8747e-05
Type200      COVAR   15956        31.03     0.045123       6.7078   1.8823e-06
Type201      COVAR   15956       31.163     0.044409       6.7508   1.9737e-06
Type202      COVAR   15956       13.323     0.022135       5.5324    0.0080235
Type203      COVAR   15956       4.4984    0.0092793        4.411      0.15392
Type204      COVAR   15956       10.988     0.022969       4.5243    0.0075819
Type205      COVAR   15956       17.931     0.028772       5.7656   0.00093771
Type206      COVAR   15956       15.997     0.031427       4.5824    0.0002415
Type207      COVAR   15956       10.882     0.022499       4.5642    0.0085658
Type208      COVAR   15956       13.639     0.022734       5.7415    0.0087708
Type209      COVAR   15956       10.189     0.019074       5.1218     0.023346
Type210      COVAR   15956       36.852     0.045641       7.9458    1.777e-06
Type211      COVAR   15956         7.38     0.012962       5.3644     0.084465
Type212      COVAR   15956       17.615     0.024837       6.9186    0.0054531
Type213      COVAR   15956       3.9285     0.009106       4.1094      0.16955
Type214      COVAR   15956       8.8572     0.017716        4.628     0.027831
Type215      COVAR   15956       13.095     0.022679       5.4925    0.0085651
Type216      COVAR   15956        19.46     0.031235       5.8915   0.00047946
Type217      COVAR   15956       14.645     0.025048       5.3104    0.0029135
Type218      COVAR   15956       7.9933     0.015134        5.095     0.058354
Type219      COVAR   15956       11.396      0.01738        6.002     0.028809
Type220      COVAR   15956       43.166     0.053143       7.8404   1.8756e-08
Type221      COVAR   15956       10.884     0.015597       6.7263     0.052838
Type222      COVAR   15956       32.118     0.041069       7.4995   9.3006e-06
Type223      COVAR   15956       52.014     0.073317       6.8021   1.1034e-14
Type224      COVAR   15956       51.424      0.06049       8.2254   2.0928e-10
Type225      COVAR   15956       18.314     0.030241       5.4556   0.00039521
Type226      COVAR   15956       41.347     0.053117       7.4562   1.4964e-08
Type227      COVAR   15956       39.382     0.051555       7.3049   3.5624e-08
Type228      COVAR   15956       14.612     0.019965       7.1359     0.020303
Type229      COVAR   15956       1.6396    0.0026385       5.7802      0.38834
Type230      COVAR   15956       31.714      0.04052       7.6572   1.7343e-05
Type231      COVAR   15956       28.487     0.035494       7.7103   0.00011054
Type232      COVAR   15956       7.9131     0.014208       5.0423     0.058297
Type233      COVAR   15956       1.9963    0.0042349       4.7605      0.33749
Type234      COVAR   15956       12.719     0.021431       5.2713    0.0079207
Type235      COVAR   15956       14.549     0.024338       5.6032    0.0047142
Type236      COVAR   15956       30.242     0.037267       7.7732    5.025e-05
Type237      COVAR   15956        30.71     0.041115       7.0392   6.4733e-06
Type238      COVAR   15956       24.207     0.031598       7.1617   0.00036342
Type239      COVAR   15956       24.215     0.032851       6.7543   0.00016907
Type240      COVAR   15956       24.623     0.034071       6.8013   0.00014767
Type241      COVAR   15956       10.033     0.014477       6.3555     0.057223
Type242      COVAR   15956       6.9988     0.013139       4.7101     0.068664
Type243      COVAR   15956       19.722     0.029164       6.3687   0.00098074
Type244      COVAR   15956       12.581     0.021537       5.2354    0.0081367
Type245      COVAR   15956       7.8128     0.013748       5.1082     0.063087
Type246      COVAR   15956       6.6982     0.012019       5.2808      0.10234
Type247      COVAR   15956       5.9977     0.010401        5.462      0.13609
Type248      COVAR   15956       27.926     0.040531       6.5804   1.1063e-05
Type249      COVAR   15956       27.231      0.03705        6.933   4.3094e-05
Type250      COVAR   15956       14.899     0.021613       6.4615     0.010567
Type251      COVAR   15956       12.486     0.017529       6.6712     0.030639
Type252      COVAR   15956       7.1455     0.013736       4.8234      0.06926
Type253      COVAR   15956       9.6331     0.014429       6.4708     0.068295
Type254      COVAR   15956       7.9164     0.015389        4.637     0.043902
Type255      COVAR   15956        5.574    0.0089558       5.6274      0.16097
Type256      COVAR   15956       2.6186    0.0039782       6.3702      0.34051
Type257      COVAR   15956        7.393     0.013439       4.9214     0.066534
Type258      COVAR   15956       42.112     0.053625       7.4831   9.3287e-09
Type259      COVAR   15956       25.612     0.036283       6.2234   1.9445e-05
Type260      COVAR   15956       26.899     0.038947       6.6559   2.6722e-05
Type261      COVAR   15956       12.353     0.022569       5.1904    0.0086642
Type262      COVAR   15956       11.469      0.02005       5.4372     0.017465
Type263      COVAR   15956       6.4674     0.013551       4.7952     0.088724
Type264      COVAR   15956       7.8304       0.0144       5.2841     0.069199
Type265      COVAR   15956      -4.0123   -0.0091062        4.271      0.82624
Type266      COVAR   15956       21.292     0.033485       6.0771   0.00023027
Type267      COVAR   15956       5.0448    0.0093855       5.3502      0.17287
Type268      COVAR   15956       10.254     0.015775       6.3272     0.052555
Type269      COVAR   15956       16.369     0.024134        6.354    0.0050014
Type270      COVAR   15956       4.2569    0.0088394       4.3966      0.16647
Type271      COVAR   15956       5.7227      0.01087       4.9009      0.12148
Type272      COVAR   15956       7.2172     0.013374       5.0529     0.076611
Type273      COVAR   15956       2.3605    0.0052675        4.214      0.28769
Type274      COVAR   15956       11.292     0.018727       5.6963     0.023727
Type275      COVAR   15956       6.5835     0.012681       4.6942     0.080399
Type276      COVAR   15956       13.272     0.025067       5.0222    0.0041164
Type277      COVAR   15956       13.879      0.02322       5.6744    0.0072325
Type278      COVAR   15956        2.943    0.0049951       5.6038      0.29973
Type279      COVAR   15956       18.383     0.031883       5.4656   0.00038603
Type280      COVAR   15956        3.525    0.0086375       3.7262      0.17208
Type281      COVAR   15956       10.766     0.020345       4.7283     0.011402
Type282      COVAR   15956       21.154     0.029715       6.6391   0.00072225
Type283      COVAR   15956       23.292     0.034883       6.2043   8.7363e-05
Type284      COVAR   15956       14.474     0.022185       6.0416    0.0082999
Type285      COVAR   15956       2.6119    0.0051301       4.6455      0.28698
Type286      COVAR   15956       8.1703     0.012631       6.0802     0.089526
Type287      COVAR   15956       18.429     0.033799       5.1737    0.0001846
Type288      COVAR   15956       19.843     0.032769       5.8356   0.00033751
Type289      COVAR   15956       14.803     0.024079       5.9436    0.0063829
Type290      COVAR   15956       6.7698     0.012313       5.2098      0.09691
Type291      COVAR   15956       13.247      0.02309       5.5277     0.008282
Type292      COVAR   15956       4.0703    0.0092739       4.0983      0.16033
Type293      COVAR   15956       13.195      0.02328       5.4655    0.0078902
Type294      COVAR   15956       7.3235     0.011332        6.174      0.11779
Type295      COVAR   15956       10.876     0.016328       6.4177     0.045074
Type296      COVAR   15956       4.4122    0.0077227       5.4578      0.20943
Type297      COVAR   15956       23.057     0.031888       7.0162     0.000509
Type298      COVAR   15956       48.117     0.055014       8.5281   8.5699e-09
Type299      COVAR   15956        20.58     0.030639        6.301   0.00054664
Type300      COVAR   15956       16.332     0.025377       5.8868    0.0027698
Type301      COVAR   15956       30.479     0.043281       6.8521   4.3671e-06
Type302      COVAR   15956       15.983     0.028455       5.1412   0.00094123
Type303      COVAR   15956       14.597     0.027078       5.1226    0.0021922
Type304      COVAR   15956       21.535     0.036618       5.5792   5.6993e-05
Type305      COVAR   15956       33.166     0.043677       7.2633   2.5053e-06
Type306      COVAR   15956       32.465     0.047342       6.5758   4.0161e-07
Type307      COVAR   15956       38.531     0.048681       7.5978   2.0032e-07
Type308      COVAR   15956       32.819     0.043065       7.2015    2.615e-06
Type309      COVAR   15956       55.374     0.064164       8.3213   1.4789e-11
Type310      COVAR   15956       36.814     0.050218       6.6278   1.4205e-08
Type311      COVAR   15956       32.151     0.043655       6.6807   7.5402e-07
Type312      COVAR   15956       52.039     0.063686       7.9453   2.9927e-11
Type313      COVAR   15956       41.851     0.051543       7.7651   3.5931e-08
Type314      COVAR   15956       50.229     0.061101       7.8805   9.5295e-11
Type315      COVAR   15956       53.796     0.061805        8.494   1.2387e-10
Type316      COVAR   15956       30.035     0.040917        6.892   6.6165e-06
Type317      COVAR   15956       53.971     0.059723       8.5096   1.1695e-10
Type318      COVAR   15956       31.547     0.039987       7.5888    1.622e-05
Type319      COVAR   15956       28.491     0.036036       7.4683    6.843e-05
Type320      COVAR   15956       14.259     0.023972       5.6134    0.0055452
Type321      COVAR   15956       18.704     0.026102       6.7701    0.0028695
Type322      COVAR   15956       48.509     0.058156        7.952    5.446e-10
Type323      COVAR   15956       43.967     0.058662       7.1955   5.1141e-10
Type324      COVAR   15956       61.193     0.074921       7.8789   4.3345e-15
Type325      COVAR   15956       60.343     0.076607        7.671   1.9703e-15
Type326      COVAR   15956       38.705     0.051834       6.9457   1.2803e-08
Type327      COVAR   15956       38.319     0.049339       7.5533   1.9834e-07
Type328      COVAR   15956       35.904     0.046127       7.5025   8.6192e-07
Type329      COVAR   15956       49.707      0.05815       8.2472   8.5714e-10
Type330      COVAR   15956        46.52     0.059502       7.6278   5.4978e-10
Type331      COVAR   15956       48.094     0.061116       7.6336   1.5334e-10
Type332      COVAR   15956       54.792     0.065427        8.133   8.4313e-12
Type333      COVAR   15956       40.473     0.052202        7.571   4.5786e-08
Type334      COVAR   15956       38.159     0.052276       7.0831   3.6401e-08
Type335      COVAR   15956       14.403      0.02084       6.2573      0.01068
Type336      COVAR   15956       24.544     0.043678       5.5349   4.6531e-06
Type337      COVAR   15956       1.6682     0.013912       1.0836     0.061846
Type338      COVAR   15956        3.197    0.0060149       4.9533      0.25933
Type339      COVAR   15956       10.328     0.018238       5.2238     0.024029
Type340      COVAR   15956       11.597     0.023366       4.5579    0.0054804
Type341      COVAR   15956        12.12     0.025535       4.2509     0.002181
Type342      COVAR   15956        5.566     0.015828       3.2057     0.041269
Type343      COVAR   15956       3.3085    0.0094773       3.0795      0.14134
Type344      COVAR   15956       11.903     0.024554       4.5537    0.0044795
Type345      COVAR   15956       12.121     0.024807        4.288    0.0023544
Type346      COVAR   15956       16.933      0.03057       5.1512   0.00050743
Type347      COVAR   15956       15.991     0.028597       5.3131    0.0013098
Type348      COVAR   15956       2.0321    0.0048241       4.0322      0.30714
Type349      COVAR   15956       16.663     0.028761       5.5116    0.0012526
Type350      COVAR   15956       11.979     0.027418       4.3051    0.0027005
Type351      COVAR   15956        9.257     0.025288       3.4766    0.0038815
Type352      COVAR   15956       5.5201     0.015309       3.5553     0.060265
Type353      COVAR   15956     -0.63619   -0.0023539         2.57      0.59775
Type354      COVAR   15956      0.10783   0.00059676       1.5874      0.47292
Type355      COVAR   15956       5.5727    0.0096088       5.5588      0.15806
Type356      COVAR   15956      -5.2756    -0.013315       3.7844      0.91833
Type357      COVAR   15956      -1.8801    -0.004472       4.1764       0.6737
Type358      COVAR   15956     -0.60228   -0.0012303       4.6773      0.55123
Type359      COVAR   15956      -0.5814   -0.0011277       4.8631      0.54758
Type360      COVAR   15956        1.747    0.0032852       5.1184      0.36644
Type361      COVAR   15956       1.8016    0.0033011       5.1128      0.36229
Type362      COVAR   15956       1.5239    0.0038703       3.6329      0.33744
Type363      COVAR   15956       7.1418     0.012354       5.4887      0.09661
Type364      COVAR   15956       12.352     0.021453       5.5949     0.013642
Type365      COVAR   15956       14.632     0.023789       6.0554    0.0078446
Type366      COVAR   15956       9.7499      0.01655       5.7592     0.045247
Type367      COVAR   15956       13.732     0.020752        6.397     0.015922
Type368      COVAR   15956       22.864     0.034218       6.2109    0.0001165
Type369      COVAR   15956       22.823     0.030577       7.1953    0.0007591
Type370      COVAR   15956       11.978     0.018473        6.262     0.027895
Type371      COVAR   15956       19.347     0.030022       5.7987   0.00042557
Type372      COVAR   15956       19.368     0.028057       6.6157    0.0017109
Type373      COVAR   15956       6.4468     0.012275       4.9974     0.098529
Type374      COVAR   15956        4.073     0.012444       3.1952      0.10121
Type375      COVAR   15956      -2.8063   -0.0073028       3.7303      0.77406
Type376      COVAR   15956      -7.2649    -0.016242       4.3152      0.95385
Type377      COVAR   15956      -2.9266   -0.0066522       3.9767      0.76911
Type378      COVAR   15956       2.9454    0.0072259       3.9808      0.22969
Type379      COVAR   15956       8.1839     0.013234       5.6676     0.074383
Type380      COVAR   15956       2.6856    0.0056138       4.1687      0.25972
Type381      COVAR   15956       6.7544     0.013803       4.4726     0.065511
Type382      COVAR   15956       1.6568    0.0039204       3.9706      0.33825
Type383      COVAR   15956       7.0492     0.017967       4.0364      0.04038
Type384      COVAR   15956       4.7043    0.0092899       4.9218      0.16959
Type385      COVAR   15956       6.2486     0.016718       3.6649     0.044112
Type386      COVAR   15956       6.1726     0.017223       3.7297     0.048977
Type387      COVAR   15956       6.0511     0.011078       5.5975      0.13985
Type388      COVAR   15956       3.5117    0.0092922       4.1499      0.19873
Type389      COVAR   15956       13.379     0.023983       5.6011    0.0084621
Type390      COVAR   15956       21.452     0.033746       6.1688   0.00025387
Type391      COVAR   15956       5.0372      0.00838       5.6397      0.18589
Type392      COVAR   15956       24.928     0.036491       6.5327   6.8176e-05
Type393      COVAR   15956       8.1304     0.012417       5.9392     0.085521
Type394      COVAR   15956       16.234     0.019946         7.66     0.017041
Type395      COVAR   15956       26.121     0.028857       8.4978    0.0010589
Type396      COVAR   15956        11.85     0.013951       7.9607     0.068318
Type397      COVAR   15956       12.211     0.018098       6.0976      0.02262
Type398      COVAR   15956       19.069     0.023899       7.4382    0.0051853
Type399      COVAR   15956       11.537     0.017994       5.6904     0.021324
Type400      COVAR   15956       23.056     0.035005       6.3527   0.00014269
Type401      COVAR   15956       5.0554    0.0087188       5.6207      0.18422
Type402      COVAR   15956       10.165     0.015098       6.4374     0.057167
Type403      COVAR   15956       9.7392     0.018342       4.8091     0.021437
Type404      COVAR   15956       16.757     0.026827        5.856    0.0021117
Type405      COVAR   15956       11.851     0.014606       7.7972     0.064275
Type406      COVAR   15956       8.0088     0.011671        6.394       0.1052
Type407      COVAR   15956       28.655     0.033307       8.1288   0.00021244
Type408      COVAR   15956       7.8442     0.015283       5.3879     0.072721
Type409      COVAR   15956       19.075     0.024201       7.4177    0.0050677
Type410      COVAR   15956       21.446     0.027386       7.4165    0.0019191
Type411      COVAR   15956       18.965     0.031479       5.6396    0.0003869
Type412      COVAR   15956        13.09     0.019848       6.0703     0.015532
Type413      COVAR   15956       8.3766      0.01223       6.3594     0.093897
Type414      COVAR   15956       10.192     0.015888        6.023     0.045311
Type415      COVAR   15956        13.04     0.021982        5.386     0.007743
Type416      COVAR   15956       9.5802     0.012982       6.9335     0.083539
Type417      COVAR   15956       13.472     0.019223       6.6005     0.020629
Type418      COVAR   15956        9.878     0.014853       6.2538     0.057121
Type419      COVAR   15956        8.957     0.015119       5.5268     0.052559
Type420      COVAR   15956       7.1014      0.01144       5.9147      0.11496
Type421      COVAR   15956       7.0603     0.011948       5.3377     0.092974
Type422      COVAR   15956       13.933     0.022641       5.6529    0.0068608
Type423      COVAR   15956       7.1628     0.013445       4.7375     0.065286
Type424      COVAR   15956       20.381     0.030469       6.3835    0.0007062
Type425      COVAR   15956       24.764     0.031421       7.6475   0.00060282
Type426      COVAR   15956       14.862     0.025557        5.322    0.0026188
Type427      COVAR   15956       16.075      0.02889       5.3716    0.0013857
Type428      COVAR   15956       15.487     0.027853       5.1145    0.0012333
Type429      COVAR   15956       31.598     0.041705       7.1221   4.6072e-06
Type430      COVAR   15956        19.42     0.025118       7.3406    0.0040825
Type431      COVAR   15956       18.912     0.030058       5.7267   0.00048059
Type432      COVAR   15956        8.234     0.011533       6.5397      0.10401
Type433      COVAR   15956       18.564     0.023436       7.4857     0.006578
Type434      COVAR   15956       11.505     0.019446       5.4933     0.018123
Type435      COVAR   15956       5.0655     0.011566       4.1337      0.11022
Type436      COVAR   15956       15.814     0.028292       5.3628    0.0015981
Type437      COVAR   15956       2.3572    0.0048006       4.6505      0.30612
Type438      COVAR   15956       2.0508    0.0047572       4.0638      0.30691
Type439      COVAR   15956        1.737    0.0053452       3.0573      0.28497
Type440      COVAR   15956       5.2098     0.015234       3.1753     0.050442
Type441      COVAR   15956        2.814    0.0057523       4.4862      0.26525
Type442      COVAR   15956       8.3881     0.014976       5.2447     0.054884
Type443      COVAR   15956       29.529     0.049087       5.6008   6.8496e-08
Type444      COVAR   15956       51.784     0.051635       8.8567    2.565e-09
Type445      COVAR   15956       47.876     0.053047       8.5382   1.0487e-08
Type446      COVAR   15956       10.628     0.016355       6.1837     0.042847
Type447      COVAR   15956       34.127     0.040481       7.9198   8.2596e-06
Type448      COVAR   15956       7.3375     0.019113       3.5189     0.018535
Type449      COVAR   15956       6.9495     0.017193       3.6982     0.030122
Type450      COVAR   15956       7.3966     0.015206       4.5385     0.051591
Type451      COVAR   15956       10.759     0.023405       4.3245    0.0064292
Type452      COVAR   15956       2.5058    0.0061412       4.0497      0.26805
Type453      COVAR   15956       2.6183    0.0060304       3.9557      0.25402
Type454      COVAR   15956       5.5439      0.00975       5.5144      0.15738
Type455      COVAR   15956        8.441     0.013124       6.2785     0.089416
Type456      COVAR   15956       8.4503     0.014534       5.6532     0.067497
Type457      COVAR   15956       10.336     0.015482       6.3399     0.051538
Type458      COVAR   15956        5.103       0.0087       5.4858      0.17614
Type459      COVAR   15956        26.16     0.030604        7.835   0.00042173
Type460      COVAR   15956       14.188     0.020342       6.2401     0.011503
Type461      COVAR   15956       17.934     0.023041       7.3291    0.0072092
Type462      COVAR   15956       27.223     0.031876       8.2354   0.00047527
Type463      COVAR   15956       51.274     0.053175       9.0542   7.5943e-09
Type464      COVAR   15956       44.437      0.04784       8.7171   1.7442e-07
Type465      COVAR   15956       32.755     0.037949       8.0988    2.638e-05
Type466      COVAR   15956       52.925     0.053914       9.2063   4.5981e-09
Type467      COVAR   15956       24.464      0.03314       6.7469   0.00014448
Type468      COVAR   15956       37.541     0.044235       8.0307   1.4868e-06
Type469      COVAR   15956       20.961     0.029991       6.9002    0.0011944
Type470      COVAR   15956       18.352     0.027485       6.5487    0.0025399
Type471      COVAR   15956      -5.4937    -0.014027       3.7041      0.93097
Type472      COVAR   15956     -0.52489   -0.0017406       3.0619      0.56805
Type473      COVAR   15956       17.486     0.033707       4.7967     0.000134
Type474      COVAR   15956       23.667     0.037135       6.0792   4.9734e-05
Type475      COVAR   15956        26.14     0.039504       6.2698   1.5382e-05
Type476      COVAR   15956       22.445     0.034991       6.1171   0.00012215
Type477      COVAR   15956       21.428     0.031689       6.4186   0.00042255
Type478      COVAR   15956       20.969     0.032606       6.0752   0.00027964
Type479      COVAR   15956       19.317     0.032571       5.4355   0.00019046
Type480      COVAR   15956       26.254     0.037859       6.5888   3.3971e-05
Type481      COVAR   15956       20.781     0.029548       6.6812   0.00093625
Type482      COVAR   15956       12.673     0.019603       6.1344      0.01943
Type483      COVAR   15956       13.988      0.02235       5.9062    0.0089412
Type484      COVAR   15956       27.163     0.039436       6.5999   1.9423e-05
Type485      COVAR   15956       2.2335    0.0056633       3.7657      0.27656
Type486      COVAR   15956       5.3539     0.010159       4.9514      0.13979
Type487      COVAR   15956       15.868     0.027431       5.5756    0.0022172
Type488      COVAR   15956       3.7634     0.010099       3.7261      0.15626
Type489      COVAR   15956       15.944     0.028086       5.4066    0.0015972
Type490      COVAR   15956       13.065     0.025521       4.9727    0.0043077
Type491      COVAR   15956       12.631     0.023553       5.2639    0.0082138
Type492      COVAR   15956       10.368     0.020545       4.8281     0.015886
Type493      COVAR   15956       8.9834     0.016553       5.3248     0.045805
Type494      COVAR   15956       17.708     0.028343       6.1442    0.0019786
Type495      COVAR   15956       9.3086     0.017883       4.9264     0.029422
Type496      COVAR   15956       29.043     0.039768       7.0442   1.8817e-05
Type497      COVAR   15956       14.389     0.026615       5.0216    0.0020853
Type498      COVAR   15956       5.2133     0.010251       4.9662      0.14692
Type499      COVAR   15956       8.8361     0.014715       5.8598     0.065799
Type500      COVAR   15956      -1.6134    -0.010146       1.7912      0.81613
