# MEAN_SAMPLE_SIZE = 90839
# TOTAL_GENES = 15855
# TEST_DIRECTION = one-sided, positive (set), one-sided, positive (covar)
# CONDITIONED_INTERNAL = gene size, gene density, sample size, inverse mac, log(gene size), log(gene density), log(sample size), log(inverse mac)
VARIABLE      TYPE  NGENES         BETA     BETA_STD           SE            P
Type0        COVAR   15855       3.9698     0.026149       1.4265    0.0026969
Type1        COVAR   15855       5.7477     0.035342       1.4772   5.0194e-05
Type2        COVAR   15855       5.2247     0.031163       1.5595   0.00040489
Type3        COVAR   15855       5.7622     0.038501       1.3976    1.881e-05
Type4        COVAR   15855       7.0769     0.042604       1.5513    2.557e-06
Type5        COVAR   15855       6.7279     0.036731       1.6657   2.6976e-05
Type6        COVAR   15855       6.5137     0.035473       1.6921   5.9441e-05
Type7        COVAR   15855       4.6477     0.027582       1.5173    0.0010976
Type8        COVAR   15855       4.1407     0.029745       1.2436   0.00043589
Type9        COVAR   15855      0.83482    0.0069532       1.0826      0.22032
Type10       COVAR   15855       3.7954     0.026488       1.2864    0.0015901
Type11       COVAR   15855      0.97512    0.0075137       1.1739      0.20309
Type12       COVAR   15855       5.9552     0.037902       1.4196    1.374e-05
Type13       COVAR   15855       2.5278     0.017559       1.2719     0.023448
Type14       COVAR   15855       6.0773     0.036643       1.4748   1.8985e-05
Type15       COVAR   15855       7.7167     0.041786        1.693   2.6053e-06
Type16       COVAR   15855       3.5594     0.026521       1.2572    0.0023221
Type17       COVAR   15855       5.5815     0.034137       1.4852   8.5945e-05
Type18       COVAR   15855      0.11031   0.00082214       1.2085      0.46364
Type19       COVAR   15855       5.0396     0.030538       1.5419    0.0005422
Type20       COVAR   15855       1.6012     0.010876       1.3225      0.11301
Type21       COVAR   15855       2.8602      0.01736       1.5177     0.029762
Type22       COVAR   15855       2.9728      0.02103       1.2143    0.0071845
Type23       COVAR   15855       2.2396     0.016184       1.2471     0.036269
Type24       COVAR   15855       2.2474     0.015522       1.2901     0.040765
Type25       COVAR   15855       4.4434      0.02721       1.5029    0.0015582
Type26       COVAR   15855       3.0473     0.017831       1.5866     0.027398
Type27       COVAR   15855       2.7618     0.017121       1.4763     0.030703
Type28       COVAR   15855       2.1951     0.014719       1.2931     0.044814
Type29       COVAR   15855       3.8252     0.025665       1.3324    0.0020495
Type30       COVAR   15855       1.7854     0.013775       1.1563     0.061295
Type31       COVAR   15855       3.1699     0.019457       1.4202     0.012817
Type32       COVAR   15855        1.843     0.012982       1.2677     0.073017
Type33       COVAR   15855       1.6316     0.010522       1.3597      0.11508
Type34       COVAR   15855     -0.26069    -0.002625       0.8792      0.61657
Type35       COVAR   15855      0.25223    0.0019795       1.0843      0.40803
Type36       COVAR   15855      0.97839    0.0077623       1.1556       0.1986
Type37       COVAR   15855       1.7996     0.013232       1.2117     0.068758
Type38       COVAR   15855        1.546     0.010116       1.3457      0.12533
Type39       COVAR   15855       5.9778     0.033011        1.619   0.00011156
Type40       COVAR   15855       4.6306     0.025847        1.652    0.0025345
Type41       COVAR   15855       4.7564     0.027524       1.5831    0.0013329
Type42       COVAR   15855       2.6669     0.018628       1.2743     0.018192
Type43       COVAR   15855       4.6568     0.027062       1.5832     0.001637
Type44       COVAR   15855       2.2731     0.015066       1.3444     0.045448
Type45       COVAR   15855       1.0229    0.0076368       1.1789      0.19279
Type46       COVAR   15855       5.7163     0.030885       1.7125   0.00042312
Type47       COVAR   15855       7.1017      0.03956       1.6398   7.4856e-06
Type48       COVAR   15855        2.353     0.014218       1.4739     0.055201
Type49       COVAR   15855       6.4736     0.038332       1.5525   1.5337e-05
Type50       COVAR   15855       2.5502     0.015829       1.4945     0.043978
Type51       COVAR   15855       7.3816      0.04108       1.6413   3.4692e-06
Type52       COVAR   15855       7.0159     0.038526       1.6464   1.0227e-05
Type53       COVAR   15855       5.7639     0.035026       1.5057   6.4853e-05
Type54       COVAR   15855       6.0011      0.03538       1.5902   8.0727e-05
Type55       COVAR   15855       0.6814    0.0051714        1.137       0.2745
Type56       COVAR   15855       3.6435     0.022021       1.4629    0.0063811
Type57       COVAR   15855       4.6007     0.029019       1.4003   0.00051028
Type58       COVAR   15855        6.363     0.035454       1.6606   6.3889e-05
Type59       COVAR   15855       4.1868     0.028773       1.3676    0.0011035
Type60       COVAR   15855       6.8152      0.03935       1.5532   5.7673e-06
Type61       COVAR   15855       4.4715     0.026179       1.5482    0.0019409
Type62       COVAR   15855       2.8147     0.018639       1.3318     0.017292
Type63       COVAR   15855       2.7046     0.018122       1.2855     0.017701
Type64       COVAR   15855        3.622     0.023386       1.3792    0.0043233
Type65       COVAR   15855       4.7199     0.029313       1.4374   0.00051347
Type66       COVAR   15855       4.2336     0.028914       1.3131   0.00063316
Type67       COVAR   15855      0.88193    0.0065555       1.1567      0.22291
Type68       COVAR   15855      0.53497    0.0043243       1.0891      0.31164
Type69       COVAR   15855     -0.66024   -0.0062143      0.97474       0.7509
Type70       COVAR   15855      0.16504    0.0013967       1.0523      0.43769
Type71       COVAR   15855      0.32869    0.0022948        1.349      0.40375
Type72       COVAR   15855     -0.29812   -0.0025916        1.034      0.61345
Type73       COVAR   15855     -0.42005   -0.0036293       1.0649      0.65337
Type74       COVAR   15855     -0.18465   -0.0014619        1.152      0.56367
Type75       COVAR   15855      0.90024    0.0067645       1.1747      0.22174
Type76       COVAR   15855       3.0133     0.020353       1.3538     0.013019
Type77       COVAR   15855       3.1147     0.021503       1.3279    0.0095056
Type78       COVAR   15855       3.2829     0.025032       1.1474    0.0021138
Type79       COVAR   15855       1.4506     0.010105       1.2806      0.12866
Type80       COVAR   15855       1.4022     0.011016         1.15      0.11138
Type81       COVAR   15855       2.2387     0.015478       1.3412     0.047549
Type82       COVAR   15855      0.41681    0.0033914       1.1103      0.35369
Type83       COVAR   15855     -0.40019   -0.0030124       1.2074      0.62984
Type84       COVAR   15855      0.21498    0.0016237       1.2925      0.43395
Type85       COVAR   15855       3.8044     0.021523       1.6439     0.010335
Type86       COVAR   15855     -0.58848   -0.0046605       1.1704      0.69245
Type87       COVAR   15855     0.091094   0.00069858       1.1897      0.46948
Type88       COVAR   15855      -1.8885    -0.017277       1.0179      0.96821
Type89       COVAR   15855      -0.5003   -0.0052035      0.90321      0.71018
Type90       COVAR   15855       4.4527      0.02771       1.5227    0.0017294
Type91       COVAR   15855      0.21999    0.0017129       1.1881      0.42655
Type92       COVAR   15855       1.3569     0.012282      0.99131     0.085544
Type93       COVAR   15855       1.4521     0.014701      0.89168     0.051727
Type94       COVAR   15855       0.5243     0.004604       1.0447      0.30789
Type95       COVAR   15855       2.0594     0.020044      0.94407     0.014586
Type96       COVAR   15855       2.9629     0.023083       1.1587     0.005283
Type97       COVAR   15855      0.98674    0.0085698       1.0382      0.17096
Type98       COVAR   15855     -0.46085   -0.0043475      0.95891       0.6846
Type99       COVAR   15855       0.1944    0.0020052      0.85855      0.41043
Type100      COVAR   15855     -0.80898   -0.0086317      0.81235      0.84033
Type101      COVAR   15855      0.40317    0.0033528       1.0701      0.35317
Type102      COVAR   15855      -1.8375    -0.018283      0.91241      0.97798
Type103      COVAR   15855       0.3315    0.0026963       1.1594      0.38747
Type104      COVAR   15855      0.43843      0.00556      0.67087      0.25671
Type105      COVAR   15855      0.29695    0.0034121      0.71937      0.33988
Type106      COVAR   15855        1.169     0.010144       1.0665      0.13652
Type107      COVAR   15855     -0.82904    -0.012759      0.56841      0.92764
Type108      COVAR   15855     -0.81902     -0.01224      0.61036      0.91017
Type109      COVAR   15855      -1.0909    -0.016803      0.59404      0.96684
Type110      COVAR   15855     -0.86646    -0.013798      0.56322      0.93801
Type111      COVAR   15855     -0.60959    -0.010187      0.54631      0.86774
Type112      COVAR   15855      0.70348     0.011715      0.53604     0.094712
Type113      COVAR   15855     -0.29573   -0.0036555      0.75338      0.65267
Type114      COVAR   15855     -0.29847   -0.0043561      0.62142      0.68449
Type115      COVAR   15855      0.39114    0.0054464      0.65936      0.27653
Type116      COVAR   15855     0.025443   0.00036851      0.64315      0.48422
Type117      COVAR   15855      0.58223    0.0083215      0.63697      0.18035
Type118      COVAR   15855     -0.68254    -0.030435       0.2039      0.99959
Type119      COVAR   15855     -0.53311    -0.023842      0.19862      0.99636
Type120      COVAR   15855       2.2055     0.019324       1.0186     0.015194
Type121      COVAR   15855     -0.61947     -0.01352      0.40255      0.93807
Type122      COVAR   15855     -0.40733    -0.012964      0.27835      0.92831
Type123      COVAR   15855      0.28688    0.0045517      0.56363      0.30538
Type124      COVAR   15855      0.19252    0.0055469      0.29657      0.25812
