# MEAN_SAMPLE_SIZE = 90909
# TOTAL_GENES = 15981
# TEST_DIRECTION = one-sided, positive (set), one-sided, positive (covar)
# CONDITIONED_INTERNAL = gene size, gene density, sample size, inverse mac, log(gene size), log(gene density), log(sample size), log(inverse mac)
VARIABLE      TYPE  NGENES         BETA     BETA_STD           SE            P
Type0        COVAR   15981       17.103     0.033556       4.7112   0.00014215
Type1        COVAR   15981       15.595      0.03203        4.416   0.00020735
Type2        COVAR   15981       19.421     0.035501       5.0045   5.2343e-05
Type3        COVAR   15981       20.225     0.040452       4.5839   5.1587e-06
Type4        COVAR   15981       23.642     0.044182       4.9526   9.1471e-07
Type5        COVAR   15981       21.195     0.036539       5.3052   3.2491e-05
Type6        COVAR   15981       17.578      0.03058       5.2132   0.00037446
Type7        COVAR   15981       20.126     0.035762        5.084   3.7882e-05
Type8        COVAR   15981       17.015     0.033378       4.6217   0.00011636
Type9        COVAR   15981       3.0066    0.0075797       3.6255      0.20348
Type10       COVAR   15981       10.982     0.025026       4.0722    0.0035054
Type11       COVAR   15981       6.6894      0.01424       4.1907     0.055226
Type12       COVAR   15981       15.298     0.031166       4.4814   0.00032132
Type13       COVAR   15981       9.2138     0.019444       4.1383        0.013
Type14       COVAR   15981        20.81     0.038703        4.823   8.0456e-06
Type15       COVAR   15981       19.016     0.035547       4.7673   3.3372e-05
Type16       COVAR   15981        12.38     0.027767       4.1275    0.0013556
Type17       COVAR   15981       19.487     0.034639       5.1941    8.817e-05
Type18       COVAR   15981       3.3627    0.0068271       4.4572       0.2253
Type19       COVAR   15981       20.871     0.036541       5.2849   3.9407e-05
Type20       COVAR   15981       8.2808     0.016315       4.5677     0.034935
Type21       COVAR   15981       10.751     0.021009        4.665     0.010605
Type22       COVAR   15981       8.1633     0.018032       3.9477     0.019335
Type23       COVAR   15981       7.1699     0.016631       3.8901     0.032667
Type24       COVAR   15981       5.4258        0.012       3.9755     0.086165
Type25       COVAR   15981       15.408     0.029373       4.7056    0.0005309
Type26       COVAR   15981       11.714     0.020569       5.1143     0.011003
Type27       COVAR   15981       8.6808     0.017858       4.2719     0.021082
Type28       COVAR   15981       8.7159     0.019252       3.8953     0.012633
Type29       COVAR   15981       15.095     0.031303       4.2419   0.00018714
Type30       COVAR   15981       10.013     0.023259       3.8667    0.0048119
Type31       COVAR   15981       14.527     0.025698       4.9912    0.0018075
Type32       COVAR   15981       9.9272     0.019837       4.4376      0.01265
Type33       COVAR   15981       11.537     0.021647        4.715    0.0072113
Type34       COVAR   15981       2.4277    0.0069866       3.0172      0.21053
Type35       COVAR   15981       4.3775     0.010612       3.4137     0.099876
Type36       COVAR   15981       2.6732    0.0067684       3.5969      0.22869
Type37       COVAR   15981       6.6774     0.016357       3.6428     0.033409
Type38       COVAR   15981       3.3554    0.0070993       4.0815      0.20552
Type39       COVAR   15981        26.83     0.042153       5.7625   1.6271e-06
Type40       COVAR   15981       14.851     0.026504       5.1335    0.0019114
Type41       COVAR   15981       15.393     0.029431       4.7447    0.0005904
Type42       COVAR   15981       8.6424      0.01839       4.1554      0.01878
Type43       COVAR   15981       14.656     0.026664       4.9137    0.0014312
Type44       COVAR   15981       4.2543    0.0099449       3.7514       0.1284
Type45       COVAR   15981        8.431      0.01782       4.1231     0.020445
Type46       COVAR   15981       17.236     0.029036       5.4612   0.00080116
Type47       COVAR   15981       22.831     0.038795       5.3174   8.8474e-06
Type48       COVAR   15981       10.054     0.019306       4.6103     0.014605
Type49       COVAR   15981       27.849     0.048445       5.2883   7.0689e-08
Type50       COVAR   15981       15.739     0.029056       4.8393   0.00057362
Type51       COVAR   15981       26.565     0.043396       5.5771   9.6248e-07
Type52       COVAR   15981       24.508     0.040978       5.4289   3.2012e-06
Type53       COVAR   15981       18.163     0.033948       4.8492   9.0346e-05
Type54       COVAR   15981       20.309     0.037933       5.0664   3.0719e-05
Type55       COVAR   15981       4.6019     0.011197       3.4434     0.090713
Type56       COVAR   15981       15.908     0.028168       5.0749   0.00086224
Type57       COVAR   15981       17.779      0.03289       4.8601   0.00012749
Type58       COVAR   15981       15.107     0.031091       4.6851   0.00063247
Type59       COVAR   15981        8.365     0.020616       4.1777     0.022636
Type60       COVAR   15981       24.468     0.044215       4.9187   3.3106e-07
Type61       COVAR   15981       17.099     0.031065       4.9771   0.00029651
Type62       COVAR   15981       12.435     0.024693        4.373    0.0022343
Type63       COVAR   15981       7.7561     0.016965       3.9214      0.02398
Type64       COVAR   15981       11.902     0.024212       4.3577    0.0031586
Type65       COVAR   15981        23.53     0.040615       5.2587   3.8611e-06
Type66       COVAR   15981       14.691     0.029319       4.4146   0.00043892
Type67       COVAR   15981       10.758     0.020874       4.6332     0.010124
Type68       COVAR   15981       5.5533      0.01264       3.9436     0.079548
Type69       COVAR   15981        7.169       0.0143       4.5808     0.058803
Type70       COVAR   15981       8.9219     0.018171       4.3995     0.021293
Type71       COVAR   15981       5.9125     0.012257       4.5264     0.095748
Type72       COVAR   15981       3.7054    0.0091122       3.6107       0.1524
Type73       COVAR   15981       2.9153    0.0063086       4.1917      0.24338
Type74       COVAR   15981       6.0669     0.012241       4.4997     0.088793
Type75       COVAR   15981       7.0707     0.015553       4.0138     0.039081
Type76       COVAR   15981       15.102     0.029395       4.7426   0.00072698
Type77       COVAR   15981       15.136     0.028036       5.0126    0.0012681
Type78       COVAR   15981       11.288     0.026639       3.7132    0.0011852
Type79       COVAR   15981       9.7011      0.01883       4.5981     0.017446
Type80       COVAR   15981       7.8908     0.015879       4.5868     0.042696
Type81       COVAR   15981       6.3769     0.015282       3.8222      0.04763
Type82       COVAR   15981       2.8989    0.0071392       3.5105      0.20447
Type83       COVAR   15981       3.8359    0.0079272       4.3666      0.18986
Type84       COVAR   15981       4.8053     0.011262       4.1235      0.12195
Type85       COVAR   15981       10.415     0.019575       4.8988     0.016762
Type86       COVAR   15981      0.48258    0.0010569       4.1593      0.45382
Type87       COVAR   15981       4.6171    0.0093481       4.5543      0.15535
Type88       COVAR   15981      -4.3282    -0.012272       3.5074      0.89139
Type89       COVAR   15981      0.10125   0.00029259       3.1713      0.48727
Type90       COVAR   15981       17.011         0.03       5.2979   0.00066334
Type91       COVAR   15981       8.0302     0.016782       4.4919     0.036922
Type92       COVAR   15981       7.3711     0.019031        3.446     0.016227
Type93       COVAR   15981       4.1255     0.012254       2.9806     0.083169
Type94       COVAR   15981       4.8825       0.0119       3.7695      0.09763
Type95       COVAR   15981       6.6005     0.018898       3.1681     0.018617
Type96       COVAR   15981       8.7374     0.020282         3.91      0.01273
Type97       COVAR   15981       4.4817      0.01069       3.8189       0.1203
Type98       COVAR   15981       1.8523    0.0038626       4.3843      0.33634
Type99       COVAR   15981       1.8513    0.0053709       3.0323      0.27076
Type100      COVAR   15981      0.19993   0.00070362       2.4523      0.46751
Type101      COVAR   15981       1.4785    0.0043642       3.0564      0.31428
Type102      COVAR   15981      -3.4214   -0.0081263       3.8216      0.81468
Type103      COVAR   15981       3.3378    0.0074679       4.1723      0.21187
Type104      COVAR   15981       2.2147    0.0081268       2.2827      0.16598
Type105      COVAR   15981      0.69832    0.0022169       2.6269      0.39518
Type106      COVAR   15981       8.7837      0.01875       4.2496      0.01938
Type107      COVAR   15981      -2.2509   -0.0087279       2.2457      0.84189
Type108      COVAR   15981      -1.5227   -0.0050179       2.7458       0.7104
Type109      COVAR   15981      -2.4475   -0.0088648       2.5127      0.83498
Type110      COVAR   15981     -0.69471   -0.0026046       2.3592       0.6158
Type111      COVAR   15981     -0.20138  -0.00076984       2.3845      0.53365
Type112      COVAR   15981       2.1735    0.0098437       1.9857      0.13686
Type113      COVAR   15981       2.0704    0.0051531       3.6817      0.28695
Type114      COVAR   15981     -0.17858  -0.00067225       2.3937      0.52973
Type115      COVAR   15981       2.8664    0.0092503       2.8122      0.15405
Type116      COVAR   15981       0.9109    0.0032981       2.5393       0.3599
Type117      COVAR   15981       1.6216    0.0063923       2.3234       0.2426
Type118      COVAR   15981      -3.2553    -0.026208       1.1536      0.99761
Type119      COVAR   15981      -2.0851    -0.017384        1.047      0.97678
Type120      COVAR   15981       8.7903     0.021592       3.6075    0.0074176
Type121      COVAR   15981      -2.0502    -0.012772       1.4178      0.92591
Type122      COVAR   15981      -1.1863    -0.010131       1.0206      0.87746
Type123      COVAR   15981       0.4965     0.002327       1.8877      0.39627
Type124      COVAR   15981      0.41291    0.0037385      0.94489      0.33106
Type125      COVAR   15981     -0.85946    -0.010173      0.75869      0.87135
Type126      COVAR   15981      -1.7407    -0.022127      0.72996      0.99145
Type127      COVAR   15981      -1.3893    -0.020486       0.6125      0.98833
Type128      COVAR   15981      -1.4898    -0.021006      0.62858       0.9911
Type129      COVAR   15981      -2.9203    -0.022262       1.1782       0.9934
Type130      COVAR   15981      -3.0965     -0.02289       1.2016      0.99501
Type131      COVAR   15981      -2.9154     -0.01955        1.333      0.98562
Type132      COVAR   15981       -2.896    -0.017858       1.4591      0.97641
Type133      COVAR   15981      -2.4639    -0.016557       1.3376      0.96726
Type134      COVAR   15981      -3.0646    -0.019159       1.4336      0.98372
Type135      COVAR   15981      -3.0424     -0.02423       1.1515      0.99588
Type136      COVAR   15981      -4.3887    -0.033327       1.1762       0.9999
Type137      COVAR   15981       -3.342    -0.022384       1.3669      0.99275
Type138      COVAR   15981       -4.031    -0.024044       1.5363      0.99565
Type139      COVAR   15981      -2.8814    -0.024105        1.075      0.99632
Type140      COVAR   15981      -3.2955    -0.027084       1.0913      0.99873
Type141      COVAR   15981      -4.9661    -0.032458       1.3686      0.99986
Type142      COVAR   15981      -4.8236    -0.027829       1.5989      0.99872
Type143      COVAR   15981      -1.8896    -0.010577       1.5952      0.88189
Type144      COVAR   15981      -1.6693    -0.008514       1.7759      0.82637
Type145      COVAR   15981      -3.2484     -0.01578       1.8644      0.95926
Type146      COVAR   15981       -6.801    -0.040061       1.5292            1
Type147      COVAR   15981      -8.1942    -0.039228       1.9247      0.99999
Type148      COVAR   15981      -9.0235     -0.03944       2.1037      0.99999
Type149      COVAR   15981      -6.0836    -0.035623        1.539      0.99996
Type150      COVAR   15981      -4.4489    -0.031342       1.2624      0.99979
Type151      COVAR   15981       -8.414    -0.037779       2.0261      0.99998
Type152      COVAR   15981      -8.0777    -0.047181       1.5223            1
Type153      COVAR   15981      0.88405    0.0023258       3.5735      0.40231
Type154      COVAR   15981       2.6582    0.0066116       3.7494      0.23918
Type155      COVAR   15981       3.0311    0.0068567       4.0837      0.22898
Type156      COVAR   15981       1.0944    0.0026214       3.8089      0.38693
Type157      COVAR   15981      0.98648    0.0030455       2.8999      0.36687
Type158      COVAR   15981      0.92569    0.0037684       2.2008      0.33702
Type159      COVAR   15981       7.4642     0.017136       3.9641     0.029865
Type160      COVAR   15981       8.6643     0.019827       3.9657     0.014459
Type161      COVAR   15981       3.7293    0.0097224       3.4205       0.1378
Type162      COVAR   15981       1.8075    0.0057286       2.9083      0.26714
Type163      COVAR   15981     -0.81056   -0.0030916       2.3845      0.63304
Type164      COVAR   15981       -1.571   -0.0065575       2.1283      0.76977
Type165      COVAR   15981      -1.5478   -0.0063684       2.1998      0.75916
Type166      COVAR   15981     0.050171   0.00021185       2.2811      0.49123
Type167      COVAR   15981      -3.9379    -0.012167       2.9619      0.90815
Type168      COVAR   15981      -3.9492    -0.011923       3.0005      0.90593
Type169      COVAR   15981      -1.8559   -0.0044931       3.7484      0.68974
Type170      COVAR   15981      -3.0896   -0.0085939       3.2996      0.82545
Type171      COVAR   15981      -4.0094    -0.014133       2.6049      0.93811
Type172      COVAR   15981      -3.9356    -0.012315       2.9636       0.9079
Type173      COVAR   15981      -5.6459    -0.019645       2.6744      0.98261
Type174      COVAR   15981      -4.0705    -0.015195         2.48      0.94963
Type175      COVAR   15981      -5.2547    -0.024121       1.9906      0.99585
Type176      COVAR   15981       -4.135    -0.015213        2.421      0.95617
Type177      COVAR   15981      -2.3547    -0.013681       1.5227      0.93899
Type178      COVAR   15981      -2.0416    -0.010734       1.6821      0.88756
Type179      COVAR   15981      -1.3355   -0.0082475       1.4076      0.82862
Type180      COVAR   15981      -2.0004    -0.010855       1.6228      0.89114
Type181      COVAR   15981      -1.7061   -0.0077454       1.9542      0.80868
Type182      COVAR   15981      -3.0088    -0.013531        1.991      0.93462
Type183      COVAR   15981      -3.7292    -0.015891       2.0973       0.9623
Type184      COVAR   15981      -2.9077    -0.013199       1.9368      0.93335
Type185      COVAR   15981      -3.4692    -0.014796       2.0771      0.95254
Type186      COVAR   15981      -8.8055    -0.029501       2.6076      0.99963
Type187      COVAR   15981      -9.3212    -0.035911        2.332      0.99997
Type188      COVAR   15981        -8.39    -0.034708       2.1473      0.99995
Type189      COVAR   15981      -7.7168    -0.033058       2.0837      0.99989
Type190      COVAR   15981      -8.4891    -0.034045       2.2499      0.99992
Type191      COVAR   15981      -8.4111    -0.033723       2.2325      0.99992
Type192      COVAR   15981      -7.6415    -0.030125       2.2856      0.99958
Type193      COVAR   15981      -5.9196    -0.029187        1.797      0.99951
Type194      COVAR   15981       10.042     0.018087        5.058     0.023561
Type195      COVAR   15981       8.6001      0.01331        5.974     0.075003
Type196      COVAR   15981        19.19     0.029109       5.9373   0.00061601
Type197      COVAR   15981       13.048     0.022243       5.3809    0.0076631
Type198      COVAR   15981       22.924     0.033429        6.321   0.00014405
Type199      COVAR   15981       19.523     0.031604       5.7721   0.00036049
Type200      COVAR   15981       27.498     0.039978       6.4414   9.8888e-06
Type201      COVAR   15981       26.135     0.037311       6.5102   2.9952e-05
Type202      COVAR   15981       10.378     0.017236       5.2972     0.025061
Type203      COVAR   15981       3.4473    0.0071072       4.3004       0.2114
Type204      COVAR   15981       8.0474      0.01682       4.4082      0.03397
Type205      COVAR   15981       8.3154      0.01334       5.6545     0.070715
Type206      COVAR   15981       7.3767     0.014485       4.7554     0.060434
Type207      COVAR   15981       6.4884     0.013407       4.4688     0.073271
Type208      COVAR   15981       6.6532     0.011096       5.6366      0.11894
Type209      COVAR   15981       12.011     0.022476       4.9961    0.0081142
Type210      COVAR   15981       32.226     0.039912       7.6349   1.2248e-05
Type211      COVAR   15981       3.6843    0.0064688       5.2516      0.24148
Type212      COVAR   15981       16.987     0.023953       6.7014    0.0056307
Type213      COVAR   15981       4.2705    0.0098993       3.8879      0.13602
Type214      COVAR   15981       11.034     0.022059        4.589    0.0081036
Type215      COVAR   15981       13.673     0.023671       5.2493    0.0046031
Type216      COVAR   15981       15.651     0.025117       5.6524    0.0028164
Type217      COVAR   15981       20.771     0.035512       5.2074   3.3386e-05
Type218      COVAR   15981        6.563     0.012431       4.9554     0.092696
Type219      COVAR   15981       15.481      0.02371       5.7138    0.0033736
Type220      COVAR   15981        51.39     0.063274       7.6647   1.0486e-11
Type221      COVAR   15981       17.131     0.024548       6.3658    0.0035655
Type222      COVAR   15981       39.103     0.050009        7.162   2.4272e-08
Type223      COVAR   15981       62.041     0.087436       6.5474   1.5448e-21
Type224      COVAR   15981       62.984     0.074114       7.9051   8.7394e-16
Type225      COVAR   15981       25.213     0.041668       5.3913   1.4721e-06
Type226      COVAR   15981        50.01     0.064242       7.3203    4.376e-12
Type227      COVAR   15981       45.451     0.059495       7.1819   1.2773e-10
Type228      COVAR   15981       19.031     0.026003       6.9431    0.0030668
Type229      COVAR   15981       7.0537     0.011351       5.6743      0.10693
Type230      COVAR   15981       31.489     0.040225       7.2319    6.726e-06
Type231      COVAR   15981       31.177     0.038987       7.3984   1.2625e-05
Type232      COVAR   15981       8.6106     0.015457       5.0629     0.044509
Type233      COVAR   15981       4.4039    0.0093358          4.7      0.17439
Type234      COVAR   15981       16.715     0.028396       5.2337   0.00070402
Type235      COVAR   15981        13.96     0.023346       5.4264    0.0050518
Type236      COVAR   15981       34.115     0.042162       7.2796    1.404e-06
Type237      COVAR   15981       21.331     0.028609         6.75   0.00079017
Type238      COVAR   15981       24.846     0.032437       7.0148   0.00019927
Type239      COVAR   15981       17.741      0.02416       6.4269      0.00289
Type240      COVAR   15981       20.458     0.028352       6.5671   0.00092113
Type241      COVAR   15981       6.1573    0.0088981       5.9259       0.1494
Type242      COVAR   15981       6.5617     0.012316       4.2412     0.060926
Type243      COVAR   15981       19.045     0.028154       6.0616   0.00084104
Type244      COVAR   15981       12.605     0.021571       5.2972    0.0086733
Type245      COVAR   15981       5.4196    0.0095812       4.9503      0.13681
Type246      COVAR   15981       3.2112    0.0057635       5.0549      0.26263
Type247      COVAR   15981       2.7111    0.0048167       5.0856      0.29699
Type248      COVAR   15981       31.577     0.045818       6.4979   5.9492e-07
Type249      COVAR   15981       28.302     0.038854       6.6474   1.0402e-05
Type250      COVAR   15981       15.162     0.022186       6.1053    0.0065126
Type251      COVAR   15981       15.005     0.021243       6.5138     0.010629
Type252      COVAR   15981       7.6659     0.014733       4.6079     0.048104
Type253      COVAR   15981       11.571     0.017332       6.2221     0.031478
Type254      COVAR   15981       6.7312      0.01308       4.4977     0.067261
Type255      COVAR   15981       11.404     0.018315       5.5233     0.019482
Type256      COVAR   15981       9.5957      0.01458       6.0396     0.056065
Type257      COVAR   15981       11.392     0.020712       4.7669    0.0084347
Type258      COVAR   15981       48.477     0.061716        7.375   2.5536e-11
Type259      COVAR   15981       33.273     0.047121        6.336   7.6647e-08
Type260      COVAR   15981       32.915     0.047799       6.3386   1.0511e-07
Type261      COVAR   15981       15.899     0.029047       5.0386   0.00080302
Type262      COVAR   15981       12.163      0.02146       5.2011    0.0096862
Type263      COVAR   15981       6.9581      0.01478       4.1778     0.047921
Type264      COVAR   15981       6.1382      0.01133       4.7616     0.098692
Type265      COVAR   15981      -1.6859   -0.0038373       3.8889      0.66767
Type266      COVAR   15981       19.393     0.030497       5.6769   0.00031854
Type267      COVAR   15981       3.5168    0.0066132        4.583      0.22144
Type268      COVAR   15981       7.0328     0.010933       5.5751      0.10358
Type269      COVAR   15981       19.048     0.028094       6.1571   0.00099074
Type270      COVAR   15981       8.6512     0.018055        4.378     0.024085
Type271      COVAR   15981     -0.27192  -0.00064334       3.9791      0.52724
Type272      COVAR   15981       10.568     0.019696        4.942      0.01625
Type273      COVAR   15981       3.7805     0.008817       3.9707      0.17053
Type274      COVAR   15981       14.397     0.023927       5.6192    0.0052073
Type275      COVAR   15981       8.6598     0.016673       4.7302     0.033581
Type276      COVAR   15981       12.175     0.022984       4.7654    0.0053161
Type277      COVAR   15981       14.483     0.024223       5.4682    0.0040465
Type278      COVAR   15981       7.3805     0.012523       5.3775     0.084966
Type279      COVAR   15981       16.773      0.02908       5.2031   0.00063427
Type280      COVAR   15981       8.6298     0.021128        3.561    0.0076937
Type281      COVAR   15981       17.228     0.032541       4.6518   0.00010677
Type282      COVAR   15981       27.788     0.039204       6.5504   1.1144e-05
Type283      COVAR   15981       28.353     0.042448       5.9656   1.0135e-06
Type284      COVAR   15981       24.081     0.036931       5.8986   2.2403e-05
Type285      COVAR   15981       7.6095     0.014936         4.53     0.046511
Type286      COVAR   15981       17.985     0.027815       6.0539    0.0014878
Type287      COVAR   15981       21.305     0.039053       4.9902   9.8684e-06
Type288      COVAR   15981        19.87     0.032798       5.6081   0.00019847
Type289      COVAR   15981       15.294     0.024869       5.6134    0.0032246
Type290      COVAR   15981        10.32     0.018761       4.9061     0.017717
Type291      COVAR   15981       14.605     0.025448       5.2872    0.0028742
Type292      COVAR   15981       5.2455     0.011945       3.7669     0.081892
Type293      COVAR   15981       14.077     0.024834       5.1456    0.0031154
Type294      COVAR   15981       7.9931     0.012366       5.8733     0.086779
Type295      COVAR   15981       10.362     0.015555       6.0942     0.044551
Type296      COVAR   15981       5.9059     0.010334       5.1445       0.1255
Type297      COVAR   15981       24.846     0.034353       6.7202   0.00010944
Type298      COVAR   15981       43.876     0.050165       8.1413   3.5954e-08
Type299      COVAR   15981       18.382     0.027369       6.1855    0.0014828
Type300      COVAR   15981       22.452     0.034875       5.8997   7.1021e-05
Type301      COVAR   15981       27.042       0.0384       6.4947   1.5751e-05
Type302      COVAR   15981       19.621     0.034913       4.9718   3.9876e-05
Type303      COVAR   15981       11.869     0.022005       4.7974    0.0066852
Type304      COVAR   15981       20.169     0.034278       5.3279   7.7041e-05
Type305      COVAR   15981       31.035     0.040868       7.0133   4.8549e-06
Type306      COVAR   15981       28.421     0.041436       6.2641   2.8762e-06
Type307      COVAR   15981       35.664     0.045054       7.2871   4.9938e-07
Type308      COVAR   15981       41.462      0.05441       7.1549   3.4933e-09
Type309      COVAR   15981       52.993     0.061433       7.9858   1.6739e-11
Type310      COVAR   15981        36.78     0.050235         6.54   9.5266e-09
Type311      COVAR   15981       35.791     0.048853       6.7801    6.601e-08
Type312      COVAR   15981       51.353     0.063105       7.7761   2.0767e-11
Type313      COVAR   15981       43.101     0.053075       7.5967   7.1347e-09
Type314      COVAR   15981       55.617     0.067862       7.7624    4.095e-13
Type315      COVAR   15981       55.249     0.063862       8.1733   7.1955e-12
Type316      COVAR   15981       26.198      0.03569       6.9849   8.8551e-05
Type317      COVAR   15981       52.029     0.057597       8.4411   3.6515e-10
Type318      COVAR   15981       31.372     0.039764        7.253   7.6705e-06
Type319      COVAR   15981       21.461     0.027144       7.1249    0.0012998
Type320      COVAR   15981       9.5377     0.016029       5.4105     0.038977
Type321      COVAR   15981        12.59      0.01757       6.5756     0.027776
Type322      COVAR   15981       39.232     0.047039        7.742   2.0427e-07
Type323      COVAR   15981       38.025     0.050751       7.1014   4.3571e-08
Type324      COVAR   15981       48.875     0.059888       7.7431   1.4208e-10
Type325      COVAR   15981       51.283     0.065155       7.4682    3.427e-12
Type326      COVAR   15981        37.53     0.050283       7.0621   5.4414e-08
Type327      COVAR   15981       36.276     0.046708       7.2894   3.2768e-07
Type328      COVAR   15981       36.565     0.047125       7.3487   3.2912e-07
Type329      COVAR   15981        53.07     0.062085       8.0566   2.3266e-11
Type330      COVAR   15981       45.887     0.058687       7.3936   2.7921e-10
Type331      COVAR   15981       50.998     0.064814       7.4273   3.4417e-12
Type332      COVAR   15981       53.306     0.063645        7.926   9.1113e-12
Type333      COVAR   15981        39.73     0.051324       7.3331   3.0669e-08
Type334      COVAR   15981       41.127      0.05647       6.9144   1.3901e-09
Type335      COVAR   15981       16.309     0.023592       6.1129    0.0038194
Type336      COVAR   15981       17.742     0.031555       5.0229   0.00020668
Type337      COVAR   15981       1.3253     0.011039       1.0632      0.10629
Type338      COVAR   15981        4.129    0.0077744       4.9138      0.20038
Type339      COVAR   15981       9.8465     0.017479       5.1057     0.026905
Type340      COVAR   15981       10.833     0.021951       4.6368    0.0097458
Type341      COVAR   15981       9.9107     0.020866       4.2491    0.0098459
Type342      COVAR   15981       2.3765    0.0067535       3.1939      0.22843
Type343      COVAR   15981       1.5613    0.0044688       3.0407      0.30382
Type344      COVAR   15981       8.1189     0.016746       4.4336     0.033547
Type345      COVAR   15981       14.511     0.029679       4.3533   0.00043002
Type346      COVAR   15981       15.636     0.028214        4.962   0.00081504
Type347      COVAR   15981       17.579      0.03142       5.1981   0.00036108
Type348      COVAR   15981       2.4342    0.0057746       3.8769      0.26505
Type349      COVAR   15981        18.72     0.032291       5.3841   0.00025448
Type350      COVAR   15981       14.163     0.032392       4.0997   0.00027638
Type351      COVAR   15981       11.459     0.031276       3.4543   0.00045545
Type352      COVAR   15981       6.3012      0.01746       3.4759      0.03494
Type353      COVAR   15981       1.2701    0.0046948       2.4095      0.29905
Type354      COVAR   15981     -0.73302   -0.0040531       1.5509      0.68176
Type355      COVAR   15981     0.088747   0.00015302       5.2506      0.49326
Type356      COVAR   15981      -11.837    -0.029861       3.6872      0.99934
Type357      COVAR   15981      -8.3215    -0.019784         4.08       0.9793
Type358      COVAR   15981      -5.0369    -0.010289       4.5203      0.86741
Type359      COVAR   15981      -6.9924    -0.013559       4.6594      0.93327
Type360      COVAR   15981      -6.9597    -0.013085       4.9488      0.92018
Type361      COVAR   15981      -4.8692   -0.0089217       4.9614       0.8368
Type362      COVAR   15981      -2.3011    -0.005841       3.6306      0.73689
Type363      COVAR   15981       7.7739     0.013443       5.3853     0.074448
Type364      COVAR   15981       6.9182     0.012031       5.4172       0.1008
Type365      COVAR   15981       8.8967     0.014493       5.7996     0.062523
Type366      COVAR   15981       10.047     0.017047       5.6408     0.037461
Type367      COVAR   15981       12.809     0.019398        6.341     0.021701
Type368      COVAR   15981       20.136     0.030176       6.2232   0.00060829
Type369      COVAR   15981       21.441     0.028723       6.9213   0.00097658
Type370      COVAR   15981       12.511     0.019294       6.0513     0.019351
Type371      COVAR   15981       14.121     0.021904       5.6875    0.0065244
Type372      COVAR   15981       17.912     0.025944        6.402     0.002576
Type373      COVAR   15981       8.1338     0.015479        4.934     0.049636
Type374      COVAR   15981       2.3811    0.0072681       2.9658      0.21104
Type375      COVAR   15981      -1.9965   -0.0051914        3.577      0.71162
Type376      COVAR   15981      -5.7598     -0.01287       4.0133      0.92437
Type377      COVAR   15981      -6.8102    -0.015478       3.9082      0.95928
Type378      COVAR   15981      -1.4928   -0.0036596       3.7829      0.65343
Type379      COVAR   15981       13.351     0.021585       5.2868    0.0057855
Type380      COVAR   15981       2.1724    0.0045386       4.0504      0.29587
Type381      COVAR   15981       7.1829     0.014672       4.1218     0.040707
Type382      COVAR   15981      -1.4909   -0.0035265       3.8154      0.65201
Type383      COVAR   15981       3.8017     0.009816       3.6746      0.15044
Type384      COVAR   15981       2.7266    0.0054019       4.8966      0.28882
Type385      COVAR   15981       3.4352    0.0092275       3.4829        0.162
Type386      COVAR   15981       5.7695     0.016082       3.2809     0.039342
Type387      COVAR   15981       1.0601    0.0019396       5.2405      0.41985
Type388      COVAR   15981     -0.46066   -0.0012257       3.7194      0.54928
Type389      COVAR   15981        10.27     0.018403       5.4255     0.029197
Type390      COVAR   15981       17.733     0.027983       6.1778    0.0020523
Type391      COVAR   15981       1.8315    0.0030459       5.4411      0.36821
Type392      COVAR   15981        21.08     0.030858       6.2159   0.00034875
Type393      COVAR   15981       5.1558    0.0078734       5.8029      0.18714
Type394      COVAR   15981       9.8197     0.012068       7.3502      0.09079
Type395      COVAR   15981       23.789     0.026288       8.1602    0.0017801
Type396      COVAR   15981       8.9298     0.010517       7.7684      0.12518
Type397      COVAR   15981       6.9427     0.010287       5.9627      0.12215
Type398      COVAR   15981       10.172     0.012749       7.2116     0.079209
Type399      COVAR   15981       11.066     0.017252       5.5356     0.022806
Type400      COVAR   15981       21.988     0.033371       6.3009   0.00024263
Type401      COVAR   15981      -1.1623   -0.0020037       5.4225      0.58486
Type402      COVAR   15981       2.9894    0.0044394       6.2538      0.31633
Type403      COVAR   15981       12.858     0.024298       4.6185    0.0026887
Type404      COVAR   15981       19.538     0.031266       5.6445   0.00026951
Type405      COVAR   15981       12.088     0.014897       7.2959     0.048787
Type406      COVAR   15981        1.889     0.002753        6.228      0.38083
Type407      COVAR   15981       25.659     0.029827        7.848   0.00054018
Type408      COVAR   15981       9.4453     0.018391       4.5685     0.019355
Type409      COVAR   15981       19.195     0.024354       6.9968     0.003044
Type410      COVAR   15981       19.216     0.024535       7.0327    0.0031477
Type411      COVAR   15981       16.202     0.026902       5.6078    0.0019342
Type412      COVAR   15981        7.465     0.011315       6.0331      0.10799
Type413      COVAR   15981       4.9918    0.0075293       5.6852      0.18997
Type414      COVAR   15981       5.2751    0.0082505       5.6911        0.177
Type415      COVAR   15981       8.3378     0.014049       5.3954      0.06114
Type416      COVAR   15981       7.8501     0.010637       6.6154      0.11769
Type417      COVAR   15981       18.579     0.026528       6.3532    0.0017289
Type418      COVAR   15981       10.348     0.015557       6.0517     0.043654
Type419      COVAR   15981       4.7759     0.009141       4.6339      0.15136
Type420      COVAR   15981       3.6866    0.0060313         5.64      0.25667
Type421      COVAR   15981       8.7649     0.014844       5.2686     0.048105
Type422      COVAR   15981       9.3174     0.015135       5.5954     0.047948
Type423      COVAR   15981       1.2379    0.0023253       4.5686      0.39322
Type424      COVAR   15981       18.136     0.027106       6.3087    0.0020249
Type425      COVAR   15981       19.199     0.024361       7.3194    0.0043625
Type426      COVAR   15981       10.104     0.017367       5.3137     0.028622
Type427      COVAR   15981       8.6867     0.015603       4.9218     0.038798
Type428      COVAR   15981       10.822     0.019455        5.019      0.01554
Type429      COVAR   15981        21.57      0.02847       6.9219   0.00091774
Type430      COVAR   15981       14.184     0.018345       6.9117     0.020087
Type431      COVAR   15981       16.241     0.025852       5.6472    0.0020174
Type432      COVAR   15981       7.0784     0.009914       6.5066      0.13833
Type433      COVAR   15981       17.721     0.022375       7.4794    0.0089177
Type434      COVAR   15981       10.939     0.018501       5.2361     0.018353
Type435      COVAR   15981       3.0016    0.0068485       4.0214      0.22771
Type436      COVAR   15981       15.295     0.027353        4.956    0.0010157
Type437      COVAR   15981       5.0365     0.010252        4.393      0.12581
Type438      COVAR   15981     -0.99255   -0.0023007       3.9375      0.59951
Type439      COVAR   15981     -0.02368  -7.2802e-05       2.9824      0.50317
Type440      COVAR   15981       1.8868    0.0055166       3.1584      0.27513
Type441      COVAR   15981       2.7123    0.0055417       4.4255      0.26998
Type442      COVAR   15981        1.344    0.0024066       4.9082      0.39211
Type443      COVAR   15981       24.373     0.040496       5.2672   1.8697e-06
Type444      COVAR   15981       60.358     0.060234        8.857    4.923e-12
Type445      COVAR   15981       42.759     0.047391       8.2021    9.417e-08
Type446      COVAR   15981       15.905     0.024466       6.3665    0.0062466
Type447      COVAR   15981       22.088     0.026198       7.5515    0.0017254
Type448      COVAR   15981       3.6295    0.0094465       3.3337      0.13815
Type449      COVAR   15981       3.8444     0.009504       3.5202       0.1374
Type450      COVAR   15981        5.799     0.011914       4.3332     0.090419
Type451      COVAR   15981       6.5829      0.01431       4.5236     0.072812
Type452      COVAR   15981       2.3819    0.0058331       4.0348      0.27748
Type453      COVAR   15981       3.8538    0.0088687       4.1529      0.17672
Type454      COVAR   15981       4.2475    0.0074664       5.4796      0.21913
Type455      COVAR   15981       9.1879      0.01428       5.7763      0.05586
Type456      COVAR   15981       7.9784     0.013716       5.5807     0.076421
Type457      COVAR   15981       9.7801     0.014656       6.1966      0.05726
Type458      COVAR   15981      0.72168    0.0012299       5.3851       0.4467
Type459      COVAR   15981       26.334     0.030928       7.6058   0.00026861
Type460      COVAR   15981       16.409     0.023521        6.271    0.0044452
Type461      COVAR   15981        14.51     0.018665       7.1318      0.02096
Type462      COVAR   15981       23.986      0.02809       7.9068    0.0012104
Type463      COVAR   15981       38.058     0.039598        8.965   1.0997e-05
Type464      COVAR   15981       35.319     0.038038       8.5247   1.7236e-05
Type465      COVAR   15981       24.834     0.029068       7.7521   0.00068025
Type466      COVAR   15981       55.656     0.056939       9.1226   5.4204e-10
Type467      COVAR   15981       22.086     0.029991       6.3528    0.0002547
Type468      COVAR   15981       42.095     0.049819       7.8753   4.5889e-08
Type469      COVAR   15981       17.013     0.024334       6.6067     0.005015
Type470      COVAR   15981       15.492     0.023194       6.2673    0.0067276
Type471      COVAR   15981      -3.0864   -0.0078745       3.6494      0.80114
Type472      COVAR   15981      -2.4343   -0.0080648       2.9948      0.79184
Type473      COVAR   15981       15.223     0.029327       4.5512   0.00041265
Type474      COVAR   15981       17.263     0.027092       6.0719    0.0022376
Type475      COVAR   15981       24.154     0.036496       6.2346   5.3741e-05
Type476      COVAR   15981       16.829     0.026261       6.0107      0.00256
Type477      COVAR   15981       16.156     0.023881       6.3631    0.0055643
Type478      COVAR   15981        17.85     0.027745       6.1604    0.0018835
Type479      COVAR   15981       16.016     0.026989       5.5773    0.0020446
Type480      COVAR   15981       20.738     0.029894       6.6157   0.00086193
Type481      COVAR   15981       15.153     0.021538       6.7608     0.012511
Type482      COVAR   15981       8.8281     0.013662       6.0615     0.072652
Type483      COVAR   15981        10.13      0.01618        5.902     0.043061
Type484      COVAR   15981        19.41     0.028171       6.4082    0.0012292
Type485      COVAR   15981       1.3297    0.0033691       3.5338      0.35335
Type486      COVAR   15981       3.8324    0.0072689        4.708      0.20782
Type487      COVAR   15981       12.729     0.021994       5.2106    0.0072914
Type488      COVAR   15981       3.8476     0.010319       3.5786      0.14116
Type489      COVAR   15981       10.413     0.018364       5.1586     0.021774
Type490      COVAR   15981        10.48     0.020481       4.7268     0.013318
Type491      COVAR   15981       10.907      0.02033       5.0392     0.015222
Type492      COVAR   15981          9.1     0.018023       4.5658     0.023136
Type493      COVAR   15981       7.3873     0.013607       5.0569      0.07204
Type494      COVAR   15981       16.488     0.026384       5.8635    0.0024659
Type495      COVAR   15981       5.6882     0.010922       4.7167      0.11392
Type496      COVAR   15981       24.672     0.033776       6.6662   0.00010779
Type497      COVAR   15981       12.169     0.022501        4.855    0.0061024
Type498      COVAR   15981      0.56452    0.0011093       4.6901       0.4521
Type499      COVAR   15981        1.681    0.0027994       5.7511      0.38504
Type500      COVAR   15981      -2.1076    -0.013301       1.6748      0.89586
