# MEAN_SAMPLE_SIZE = 90908
# TOTAL_GENES = 15979
# TEST_DIRECTION = one-sided, positive (set), one-sided, positive (covar)
# CONDITIONED_INTERNAL = gene size, gene density, sample size, inverse mac, log(gene size), log(gene density), log(sample size), log(inverse mac)
VARIABLE      TYPE  NGENES         BETA     BETA_STD           SE            P
Type0        COVAR   15979      -3.6726    -0.014489       2.2854      0.94596
Type1        COVAR   15979      -1.5167   -0.0057567       2.3046      0.74477
Type2        COVAR   15979      -3.0404    -0.014625       1.9054       0.9447
Type3        COVAR   15979     -0.90776   -0.0042226       1.9168      0.68209
Type4        COVAR   15979      -2.1788   -0.0082902        2.399      0.81811
Type5        COVAR   15979     -0.17711  -0.00094879       1.5877      0.54441
Type6        COVAR   15979       20.029     0.036259       5.1028   4.3574e-05
Type7        COVAR   15979       14.985     0.029801       4.5401   0.00048378
Type8        COVAR   15979      -2.9325    -0.023913       1.1317      0.99521
Type9        COVAR   15979       11.482     0.023604       4.4253    0.0047386
Type10       COVAR   15979       19.573     0.037035       4.6358   1.2178e-05
Type11       COVAR   15979       7.3245     0.016298       4.3253       0.0452
Type12       COVAR   15979       9.2931      0.02098       4.4017     0.017385
Type13       COVAR   15979       9.2405     0.017244       4.8996      0.02966
Type14       COVAR   15979       14.707     0.027949       4.6997   0.00087774
Type15       COVAR   15979       9.6576     0.019331       4.4909     0.015768
Type16       COVAR   15979       5.8763     0.012426         4.31      0.08639
Type17       COVAR   15979       8.9306     0.019153       4.1474     0.015655
Type18       COVAR   15979       5.5934     0.012447       4.1997     0.091465
Type19       COVAR   15979       10.687     0.020474       4.7588     0.012366
Type20       COVAR   15979        18.05     0.034069       4.9263   0.00012459
Type21       COVAR   15979       14.916     0.029162       4.5862   0.00057387
Type22       COVAR   15979       11.324     0.023599        4.452    0.0054922
Type23       COVAR   15979       8.4054     0.018297       4.1209     0.020701
Type24       COVAR   15979       5.9135     0.013201       3.8972     0.064596
Type25       COVAR   15979       11.919      0.02115       5.2467     0.011562
Type26       COVAR   15979        10.05     0.019904       4.6008     0.014473
Type27       COVAR   15979       7.9819      0.01537       4.6473      0.04295
Type28       COVAR   15979       6.4907     0.012436       4.7522     0.086007
Type29       COVAR   15979       6.1959     0.011773       4.9149      0.10373
Type30       COVAR   15979       6.8941     0.012977       4.9372     0.081314
Type31       COVAR   15979       8.1446     0.016799        4.471     0.034264
Type32       COVAR   15979       5.5403     0.012386        4.044     0.085352
Type33       COVAR   15979       8.3356     0.016992       4.4372     0.030164
Type34       COVAR   15979       7.0876     0.015681       4.0856     0.041403
Type35       COVAR   15979       8.8537     0.017321       4.8501     0.033974
Type36       COVAR   15979       5.2044     0.010144       4.7403      0.13613
Type37       COVAR   15979       4.5249     0.011685       3.6175      0.10551
Type38       COVAR   15979        2.495    0.0059237       3.7277      0.25166
Type39       COVAR   15979       6.5085     0.014182        4.246     0.062666
Type40       COVAR   15979       1.7767    0.0049034       3.2701      0.29346
Type41       COVAR   15979       7.3735     0.016808       3.9319     0.030386
Type42       COVAR   15979       19.622     0.033904        5.349   0.00012254
Type43       COVAR   15979       11.265     0.023081       4.6339     0.007533
Type44       COVAR   15979       2.6075    0.0077406       3.1231       0.2019
Type45       COVAR   15979      -1.0579   -0.0026611       3.5371      0.61756
Type46       COVAR   15979        5.621     0.014262       3.4973     0.054013
Type47       COVAR   15979       5.2999     0.012591       3.8572     0.084728
Type48       COVAR   15979       5.7439     0.013744        3.784     0.064526
Type49       COVAR   15979       1.1339    0.0024903       4.2956       0.3959
Type50       COVAR   15979       20.609     0.038487       4.9955   1.8596e-05
Type51       COVAR   15979       19.416     0.036079       4.9541   4.4656e-05
Type52       COVAR   15979       16.446     0.032507       4.6424   0.00019872
Type53       COVAR   15979       15.948     0.033971       4.1793   6.8113e-05
Type54       COVAR   15979       19.044     0.032863       5.2949   0.00016169
Type55       COVAR   15979       20.242     0.036183       5.0699   3.2856e-05
Type56       COVAR   15979       17.955     0.031718       5.0927    0.0002119
Type57       COVAR   15979      -2.0971    -0.017691       1.0459      0.97751
Type58       COVAR   15979      -1.4014    -0.011033        1.113      0.89599
Type59       COVAR   15979       0.8745    0.0028993       2.6906      0.37259
Type60       COVAR   15979      0.28391   0.00080364       3.2666      0.46537
Type61       COVAR   15979       1.4745    0.0057762       2.2209      0.25339
Type62       COVAR   15979       1.0084    0.0035655       2.5448      0.34596
Type63       COVAR   15979       2.6306    0.0086025       2.8363      0.17685
Type64       COVAR   15979       2.6024    0.0091226        2.578      0.15638
Type65       COVAR   15979      0.37745    0.0013296       2.6082      0.44247
Type66       COVAR   15979       14.208     0.027505       4.6576    0.0011444
Type67       COVAR   15979       14.266      0.03185       4.0932   0.00024658
Type68       COVAR   15979       10.421     0.022419       4.2074    0.0066354
Type69       COVAR   15979       14.811     0.029365       4.5369    0.0005495
Type70       COVAR   15979       11.364     0.019695       5.2971     0.015975
Type71       COVAR   15979           18     0.036355       4.7736   8.1747e-05
Type72       COVAR   15979       20.225     0.034086       5.3749   8.4323e-05
Type73       COVAR   15979       21.234     0.038426       4.9543   9.1617e-06
Type74       COVAR   15979       21.639     0.038572       4.9848   7.1435e-06
Type75       COVAR   15979       8.4195     0.015984       4.7211     0.037274
Type76       COVAR   15979       18.969     0.033096       5.2087    0.0001359
Type77       COVAR   15979       15.133     0.026269       5.0996    0.0015037
Type78       COVAR   15979       14.189     0.024752       5.1586    0.0029781
Type79       COVAR   15979       18.223     0.032258       5.1844   0.00022059
Type80       COVAR   15979       17.826     0.033787       4.7332    8.324e-05
Type81       COVAR   15979       25.076     0.043927       5.2195   7.8469e-07
Type82       COVAR   15979       13.056     0.024937       4.8156    0.0033567
Type83       COVAR   15979       13.565     0.026062       4.7741    0.0022502
Type84       COVAR   15979       6.2997     0.012904       4.3958     0.075923
Type85       COVAR   15979       11.645     0.025733       3.9845    0.0017394
Type86       COVAR   15979       17.172      0.03298       4.7532   0.00015207
Type87       COVAR   15979       19.336     0.035805       5.0195   5.8827e-05
Type88       COVAR   15979       19.273     0.037975       4.6448    1.677e-05
Type89       COVAR   15979       16.958     0.031264       5.0197    0.0003658
Type90       COVAR   15979       3.8864     0.010829       3.0771      0.10331
Type91       COVAR   15979       12.686     0.022628       5.0558    0.0060569
Type92       COVAR   15979       7.8405     0.015765       4.3289     0.035066
Type93       COVAR   15979       26.928     0.045656       5.2854   1.7689e-07
Type94       COVAR   15979       20.402     0.034252       5.3161   6.2345e-05
Type95       COVAR   15979       14.142     0.024897       5.1443    0.0029931
Type96       COVAR   15979       8.9073      0.01842       4.3988     0.021448
Type97       COVAR   15979       10.765     0.019418       4.9668     0.015113
Type98       COVAR   15979        22.22     0.037961       5.4134   2.0371e-05
Type99       COVAR   15979       9.8797     0.020479       4.2031     0.009379
Type100      COVAR   15979       20.381       0.0338        5.538   0.00011697
Type101      COVAR   15979        6.857     0.012827       4.7534     0.074586
Type102      COVAR   15979       12.674     0.026084       4.4351    0.0021376
Type103      COVAR   15979       21.947     0.034829       5.7924   7.5967e-05
Type104      COVAR   15979       26.787     0.043424        5.722   1.4386e-06
Type105      COVAR   15979       17.425      0.02998       5.2374   0.00043997
Type106      COVAR   15979       24.634     0.041903       5.4059   2.6199e-06
Type107      COVAR   15979       15.912     0.025885       5.4769    0.0018371
Type108      COVAR   15979       -5.016    -0.029699       1.5174      0.99952
Type109      COVAR   15979       17.414     0.032649       4.7478   0.00012281
Type110      COVAR   15979       8.9546     0.021233       3.6326    0.0068558
Type111      COVAR   15979       11.412     0.022995        4.521     0.005803
Type112      COVAR   15979       12.265     0.023928        4.576    0.0036823
Type113      COVAR   15979       2.8157    0.0061868       4.0389      0.24286
Type114      COVAR   15979       5.1765     0.010699       4.3903      0.11919
Type115      COVAR   15979       6.6792      0.01527       3.8394     0.040972
Type116      COVAR   15979       5.4987     0.012972        3.743      0.07092
Type117      COVAR   15979        13.14     0.025294       4.6532    0.0023765
Type118      COVAR   15979       2.7408    0.0061995       3.9019      0.24121
Type119      COVAR   15979        14.46     0.026438       4.8808     0.001528
Type120      COVAR   15979       7.8075      0.01503       4.5867      0.04437
Type121      COVAR   15979       14.262     0.027347       4.7065    0.0012244
Type122      COVAR   15979       16.542     0.028637       5.2235   0.00077246
Type123      COVAR   15979       13.442      0.02698       4.4946    0.0013938
Type124      COVAR   15979       12.623     0.025484       4.4254    0.0021733
Type125      COVAR   15979     -0.89729    -0.010538       0.7646       0.8797
Type126      COVAR   15979      -1.7339    -0.022278      0.72139      0.99188
Type127      COVAR   15979      -1.3672    -0.020295      0.60925      0.98758
Type128      COVAR   15979      -1.4099    -0.019997      0.62235      0.98825
Type129      COVAR   15979      -3.0035    -0.022466       1.2014      0.99378
Type130      COVAR   15979      -3.1021    -0.022677       1.2144      0.99468
Type131      COVAR   15979      -2.8862    -0.019177       1.3418      0.98426
Type132      COVAR   15979      -2.9525    -0.017962        1.477      0.97718
Type133      COVAR   15979      -2.5192    -0.016709       1.3549       0.9685
Type134      COVAR   15979      -3.0383    -0.018719       1.4539      0.98167
Type135      COVAR   15979      -3.0236    -0.023624       1.1678      0.99519
Type136      COVAR   15979      -4.2415    -0.032527        1.159      0.99987
Type137      COVAR   15979      -3.4022    -0.022741       1.3677      0.99356
Type138      COVAR   15979      -4.0339    -0.024167       1.5277      0.99586
Type139      COVAR   15979      -2.8942    -0.024428       1.0671      0.99665
Type140      COVAR   15979      -3.3133    -0.027353       1.0835      0.99888
Type141      COVAR   15979      -4.9183    -0.032326        1.358      0.99985
Type142      COVAR   15979      -4.8093    -0.028119        1.576      0.99886
Type143      COVAR   15979      -1.9825    -0.011318       1.5624      0.89774
Type144      COVAR   15979      -1.7548   -0.0091136       1.7423      0.84306
Type145      COVAR   15979      -3.2477    -0.015972       1.8368      0.96147
Type146      COVAR   15979      -6.6329     -0.03906       1.5223      0.99999
Type147      COVAR   15979      -8.2456    -0.039075       1.9388      0.99999
Type148      COVAR   15979      -9.2117    -0.039432       2.1447      0.99999
Type149      COVAR   15979      -6.2283    -0.035698       1.5702      0.99996
Type150      COVAR   15979      -4.4075    -0.031019       1.2614      0.99976
Type151      COVAR   15979      -8.0757    -0.036656       2.0053      0.99997
Type152      COVAR   15979       -8.115    -0.047564       1.5159            1
Type153      COVAR   15979      0.34071   0.00092921       3.4375      0.46052
Type154      COVAR   15979       2.8803     0.006868       3.9217      0.23134
Type155      COVAR   15979        2.403    0.0054332       4.0678      0.27736
Type156      COVAR   15979        1.001    0.0023817       3.8378      0.39711
Type157      COVAR   15979       1.2473    0.0037526       2.9822      0.33789
Type158      COVAR   15979      0.93862     0.003859       2.1817      0.33352
Type159      COVAR   15979       7.1859     0.016702       3.9067     0.032941
Type160      COVAR   15979       8.5694     0.019708       3.9454     0.014937
Type161      COVAR   15979       3.2598    0.0087572       3.3108      0.16242
Type162      COVAR   15979       1.7382     0.005457       2.9381      0.27707
Type163      COVAR   15979     -0.83495   -0.0031684       2.3962      0.63624
Type164      COVAR   15979      -1.7497   -0.0072746       2.1374      0.79348
Type165      COVAR   15979       -1.819   -0.0076685       2.1404      0.80229
Type166      COVAR   15979     -0.08962  -0.00037706        2.284      0.51565
Type167      COVAR   15979      -4.1335    -0.013075       2.8871      0.92388
Type168      COVAR   15979      -3.9637    -0.011933       3.0193      0.90536
Type169      COVAR   15979      -2.0861   -0.0050781       3.7335      0.71183
Type170      COVAR   15979      -3.1279   -0.0087644       3.2774      0.83005
Type171      COVAR   15979      -3.9823     -0.01407       2.6029      0.93698
Type172      COVAR   15979      -4.1855    -0.013136       2.9606      0.92126
Type173      COVAR   15979      -5.8162    -0.020438       2.6511      0.98587
Type174      COVAR   15979      -4.7444    -0.016785       2.6312      0.96431
Type175      COVAR   15979      -5.3656    -0.025378       1.9373      0.99719
Type176      COVAR   15979        -4.03    -0.014941       2.4012      0.95335
Type177      COVAR   15979      -2.4257    -0.014072       1.5296       0.9436
Type178      COVAR   15979      -2.0622    -0.010828       1.6823      0.88986
Type179      COVAR   15979      -1.4129   -0.0087686       1.4004      0.84348
Type180      COVAR   15979      -2.0391    -0.011093       1.6217      0.89568
Type181      COVAR   15979       -1.642   -0.0075105       1.9405      0.80125
Type182      COVAR   15979      -3.0523    -0.013709       1.9953      0.93695
Type183      COVAR   15979      -3.6814     -0.01577       2.0874      0.96109
Type184      COVAR   15979      -2.9087    -0.013294       1.9237      0.93473
Type185      COVAR   15979      -3.3319    -0.014559       2.0276      0.94983
Type186      COVAR   15979      -8.5501    -0.028948        2.576      0.99955
Type187      COVAR   15979      -9.0328    -0.035151       2.3099      0.99995
Type188      COVAR   15979      -8.1756    -0.034192       2.1196      0.99994
Type189      COVAR   15979      -7.7215    -0.033181       2.0787       0.9999
Type190      COVAR   15979      -8.2682    -0.033561       2.2248       0.9999
Type191      COVAR   15979      -8.3242    -0.033782       2.2052      0.99992
Type192      COVAR   15979      -7.5332    -0.030147       2.2558      0.99958
Type193      COVAR   15979      -5.6908    -0.028302       1.7829      0.99929
Type194      COVAR   15979       8.6143     0.015821       4.9448     0.040757
Type195      COVAR   15979       7.7915     0.012182       5.9052     0.093525
Type196      COVAR   15979       18.665     0.028563       5.8912   0.00076852
Type197      COVAR   15979       12.802      0.02186        5.396    0.0088426
Type198      COVAR   15979       19.939     0.030399       6.0545    0.0004964
Type199      COVAR   15979       20.467      0.03246       5.8892   0.00025586
Type200      COVAR   15979       26.486     0.038614       6.4002   1.7608e-05
Type201      COVAR   15979       25.093     0.035935       6.4611    5.168e-05
Type202      COVAR   15979       10.523     0.017205       5.4101       0.0259
Type203      COVAR   15979       3.0102    0.0062547       4.2761      0.24074
Type204      COVAR   15979       7.2761     0.015303       4.3826     0.048444
Type205      COVAR   15979       7.1716     0.011598       5.6095      0.10055
Type206      COVAR   15979       6.8654     0.013474       4.7479     0.074101
Type207      COVAR   15979       5.9845     0.012068       4.6299     0.098093
Type208      COVAR   15979       5.1186    0.0085012        5.667      0.18321
Type209      COVAR   15979       11.489     0.021485       5.0223      0.01109
Type210      COVAR   15979       28.483     0.036123       7.4296   6.3395e-05
Type211      COVAR   15979       2.5514    0.0044959       5.2321       0.3129
Type212      COVAR   15979       15.277     0.021621       6.6517     0.010824
Type213      COVAR   15979       2.7527    0.0067579       3.6388      0.22468
Type214      COVAR   15979       10.877     0.022133       4.5195    0.0080548
Type215      COVAR   15979       13.186     0.022615       5.3112    0.0065273
Type216      COVAR   15979       7.7485     0.015667        4.417     0.039708
Type217      COVAR   15979       19.715     0.034384       5.0997   5.5583e-05
Type218      COVAR   15979       5.7545     0.011061       4.8862      0.11947
Type219      COVAR   15979       16.459     0.025127       5.8136    0.0023227
Type220      COVAR   15979       51.062     0.062954       7.6247   1.1065e-11
Type221      COVAR   15979        15.72      0.02311       6.2332    0.0058411
Type222      COVAR   15979       36.743     0.048167        7.015   8.2465e-08
Type223      COVAR   15979       61.921     0.087597       6.5147   1.1704e-21
Type224      COVAR   15979       61.491     0.072664       7.8692   2.9718e-15
Type225      COVAR   15979       27.311     0.043764        5.591   5.2388e-07
Type226      COVAR   15979       50.604     0.063765       7.4668   6.3796e-12
Type227      COVAR   15979       45.002     0.058803        7.234   2.5445e-10
Type228      COVAR   15979       17.033      0.02345       6.8719    0.0066012
Type229      COVAR   15979       5.1722    0.0084328       5.5551      0.17592
Type230      COVAR   15979       29.368     0.038583       7.0736   1.6597e-05
Type231      COVAR   15979       28.159     0.035946       7.2194   4.8247e-05
Type232      COVAR   15979       7.0117     0.012961       4.9763     0.079428
Type233      COVAR   15979       3.1205    0.0068262       4.5837      0.24801
Type234      COVAR   15979       16.063     0.027724       5.1561   0.00092078
Type235      COVAR   15979       13.542     0.022921       5.3856    0.0059651
Type236      COVAR   15979       33.005     0.041057       7.2377   2.5779e-06
Type237      COVAR   15979       20.439     0.027719       6.6362    0.0010376
Type238      COVAR   15979       10.564      0.01876       5.0395     0.018041
Type239      COVAR   15979       16.451     0.022632       6.3238    0.0046471
Type240      COVAR   15979       19.627     0.027196       6.5603    0.0013889
Type241      COVAR   15979       4.7847    0.0071013       5.7842      0.20407
Type242      COVAR   15979       4.8334     0.010063       3.8585      0.10517
Type243      COVAR   15979       18.594     0.027688       5.9988   0.00097118
Type244      COVAR   15979       12.208     0.020898       5.2446    0.0099693
Type245      COVAR   15979       4.7999    0.0085326       4.9014      0.16373
Type246      COVAR   15979       2.8179    0.0050741       5.0432      0.28817
Type247      COVAR   15979       2.3051    0.0041092       5.0741      0.32482
Type248      COVAR   15979       31.161     0.045406       6.4865   7.8619e-07
Type249      COVAR   15979       26.538     0.037093       6.4775    2.105e-05
Type250      COVAR   15979       14.503     0.021164       6.1275    0.0089776
Type251      COVAR   15979       14.254     0.020433        6.423     0.013243
Type252      COVAR   15979       7.3737     0.014259       4.5865     0.053962
Type253      COVAR   15979       10.255     0.015443       6.1981     0.049015
Type254      COVAR   15979       6.8658     0.012946       4.6573     0.070226
Type255      COVAR   15979       10.303     0.016761       5.4373     0.029069
Type256      COVAR   15979       8.8706     0.013576       5.9944     0.069476
Type257      COVAR   15979        9.709     0.017678       4.6748     0.018916
Type258      COVAR   15979       47.149     0.060681       7.2958   5.3288e-11
Type259      COVAR   15979        29.82     0.044355       6.0097   3.5308e-07
Type260      COVAR   15979       31.589     0.046211       6.2832   2.5155e-07
Type261      COVAR   15979        15.27        0.028       5.0179    0.0011734
Type262      COVAR   15979       11.345     0.020243       5.1552     0.013885
Type263      COVAR   15979       6.9881     0.014862       4.1668     0.046776
Type264      COVAR   15979       5.3784     0.010035       4.6889      0.12569
Type265      COVAR   15979      -2.8007   -0.0065692       3.7577      0.77196
Type266      COVAR   15979       18.609     0.029477       5.6095   0.00045548
Type267      COVAR   15979       2.6765    0.0051306       4.5232      0.27702
Type268      COVAR   15979       5.8086    0.0090757       5.5582      0.14801
Type269      COVAR   15979       18.567     0.027404       6.1624    0.0012961
Type270      COVAR   15979        10.73     0.020667       4.7579     0.012069
Type271      COVAR   15979     -0.74982   -0.0018319       3.8966      0.57629
Type272      COVAR   15979       10.047     0.018856       4.8776     0.019717
Type273      COVAR   15979       3.4308    0.0079714       4.0042      0.19578
Type274      COVAR   15979       13.428     0.022911       5.4757    0.0071039
Type275      COVAR   15979       7.9734     0.015531       4.6874     0.044479
Type276      COVAR   15979       11.803      0.02245       4.7581    0.0065622
Type277      COVAR   15979       14.416     0.024038       5.4789    0.0042591
Type278      COVAR   15979        7.028     0.012131       5.2917     0.092079
Type279      COVAR   15979       16.101     0.028391       5.1111   0.00081768
Type280      COVAR   15979       8.6983      0.02143       3.5202    0.0067427
Type281      COVAR   15979       16.506     0.031276          4.6   0.00016701
Type282      COVAR   15979       27.747      0.03939        6.525   1.0648e-05
Type283      COVAR   15979       28.061     0.042208       5.9346    1.143e-06
Type284      COVAR   15979       23.645     0.036527       5.8839   2.9422e-05
Type285      COVAR   15979       7.5475     0.014852       4.5357     0.048065
Type286      COVAR   15979       17.728     0.027479       6.0692    0.0017479
Type287      COVAR   15979       20.495      0.03831       4.8915   1.4037e-05
Type288      COVAR   15979       19.656     0.032761       5.5773   0.00021295
Type289      COVAR   15979           15     0.024638       5.6021    0.0037134
Type290      COVAR   15979       10.777     0.019593       4.9728     0.015119
Type291      COVAR   15979       13.932     0.024596       5.2304    0.0038702
Type292      COVAR   15979       4.7285     0.010854       3.7472      0.10351
Type293      COVAR   15979       13.828     0.024666       5.1247    0.0034897
Type294      COVAR   15979       7.5844     0.011876       5.8343     0.096816
Type295      COVAR   15979       8.3199     0.012661       5.9815     0.082135
Type296      COVAR   15979       5.5744    0.0098102       5.1435      0.13924
Type297      COVAR   15979         23.3     0.032725       6.6302   0.00022128
Type298      COVAR   15979       43.273     0.049408       8.1507   5.5958e-08
Type299      COVAR   15979       18.007      0.02691       6.1914    0.0018193
Type300      COVAR   15979       22.187     0.034264       5.8926   8.3588e-05
Type301      COVAR   15979        26.42     0.037723       6.4519    2.124e-05
Type302      COVAR   15979       19.438     0.034925       4.9571   4.4266e-05
Type303      COVAR   15979       11.061     0.020902       4.7341    0.0097417
Type304      COVAR   15979       22.996     0.036812       5.6742    2.546e-05
Type305      COVAR   15979       30.876     0.040628       7.0275   5.6166e-06
Type306      COVAR   15979       27.868     0.040824       6.2184   3.7367e-06
Type307      COVAR   15979       33.109     0.042784       7.1253   1.7019e-06
Type308      COVAR   15979       41.441     0.054548       7.1275   3.1144e-09
Type309      COVAR   15979       51.495     0.060269       7.9276   4.2771e-11
Type310      COVAR   15979       37.219     0.051077       6.5797   7.8765e-09
Type311      COVAR   15979       33.645     0.046601       6.6375   2.0265e-07
Type312      COVAR   15979       47.899     0.060888        7.554   1.1784e-10
Type313      COVAR   15979       39.185     0.050066       7.3079   4.1835e-08
Type314      COVAR   15979       54.739     0.067119       7.6939   5.8969e-13
Type315      COVAR   15979       55.438     0.063732       8.2036   7.2963e-12
Type316      COVAR   15979        24.82     0.034086       6.9832   0.00019024
Type317      COVAR   15979       50.279     0.056189       8.3474   8.7629e-10
Type318      COVAR   15979       30.423     0.038664       7.2325   1.3057e-05
Type319      COVAR   15979       21.503     0.026955       7.2058    0.0014243
Type320      COVAR   15979       9.2113     0.015578       5.4231     0.044716
Type321      COVAR   15979       12.035     0.016728       6.6146     0.034433
Type322      COVAR   15979       39.579     0.047137       7.8302   2.1837e-07
Type323      COVAR   15979       36.945     0.049471       7.0533   8.2413e-08
Type324      COVAR   15979       46.145     0.056832       7.6493   8.2824e-10
Type325      COVAR   15979       49.478     0.063402       7.3959   1.1608e-11
Type326      COVAR   15979       36.406     0.048871       7.0344   1.1533e-07
Type327      COVAR   15979       33.974     0.044377        7.155   1.0363e-06
Type328      COVAR   15979       34.953     0.045231         7.31   8.7905e-07
Type329      COVAR   15979       52.654     0.061717       8.0402   3.0059e-11
Type330      COVAR   15979       44.608      0.05735         7.35   6.6054e-10
Type331      COVAR   15979       50.579     0.064304       7.4207   4.8834e-12
Type332      COVAR   15979       51.463     0.061755       7.8477   2.8331e-11
Type333      COVAR   15979       37.117     0.048126         7.27   1.6717e-07
Type334      COVAR   15979       42.378     0.056926       7.0598   9.9553e-10
Type335      COVAR   15979       17.996     0.024867       6.4746    0.0027266
Type336      COVAR   15979       22.825     0.036456       5.7139   3.2579e-05
Type337      COVAR   15979       1.2003     0.010209       1.0369      0.12351
Type338      COVAR   15979       3.6378    0.0070228        4.787      0.22366
Type339      COVAR   15979       9.3083     0.016803       5.0122     0.031657
Type340      COVAR   15979       9.1047     0.020417       4.1535     0.014196
Type341      COVAR   15979       9.9653     0.021036       4.2442    0.0094447
Type342      COVAR   15979       2.4992    0.0071447       3.2111       0.2182
Type343      COVAR   15979       1.6634    0.0045978       3.1767      0.30028
Type344      COVAR   15979       8.5362     0.017477       4.4973     0.028854
Type345      COVAR   15979       14.203     0.029525       4.2889   0.00046525
Type346      COVAR   15979         16.2     0.028683       5.0877   0.00072756
Type347      COVAR   15979       17.167     0.030919       5.1793   0.00046002
Type348      COVAR   15979        2.283    0.0054764       3.8411      0.27614
Type349      COVAR   15979       18.524     0.032027       5.3602    0.0002752
Type350      COVAR   15979       13.595     0.031225       4.0717   0.00042165
Type351      COVAR   15979       11.301     0.030955       3.4573   0.00054144
Type352      COVAR   15979       5.5389     0.015778       3.3901      0.05116
Type353      COVAR   15979       1.0746    0.0040077       2.3969      0.32696
Type354      COVAR   15979     -0.65317   -0.0036476       1.5396      0.66431
Type355      COVAR   15979      -0.3068   -0.0005422       5.1222      0.52388
Type356      COVAR   15979      -12.096    -0.030889       3.6393      0.99955
Type357      COVAR   15979      -8.3409    -0.019643       4.0781      0.97958
Type358      COVAR   15979      -5.1558    -0.010755       4.4328      0.87759
Type359      COVAR   15979      -6.9842      -0.0137        4.622      0.93461
Type360      COVAR   15979      -7.1377    -0.013497       4.9226      0.92646
Type361      COVAR   15979      -5.1871   -0.0097366       4.8666      0.85675
Type362      COVAR   15979      -2.3209    -0.005955       3.6032      0.74025
Type363      COVAR   15979       7.4227     0.012959       5.3368     0.082148
Type364      COVAR   15979       6.9026     0.011922       5.4908      0.10437
Type365      COVAR   15979       8.4523     0.013902       5.7495     0.070779
Type366      COVAR   15979       9.1451     0.015755       5.5503     0.049721
Type367      COVAR   15979       11.338     0.017847       6.1084     0.031724
Type368      COVAR   15979       17.131     0.027779       5.7208    0.0013771
Type369      COVAR   15979       18.442     0.026439       6.4342    0.0020797
Type370      COVAR   15979       10.972     0.017884       5.7379     0.027936
Type371      COVAR   15979       13.459     0.021167       5.6171    0.0082928
Type372      COVAR   15979       17.232     0.025113       6.3754     0.003441
Type373      COVAR   15979       7.6755     0.014698        4.909     0.058972
Type374      COVAR   15979       2.9975    0.0089192       3.1121      0.16774
Type375      COVAR   15979      -1.9417   -0.0050486       3.6081      0.70476
Type376      COVAR   15979      -6.0657    -0.013639       4.0024      0.93517
Type377      COVAR   15979      -6.7179    -0.015625       3.8179      0.96075
Type378      COVAR   15979      -1.1543   -0.0028581       3.7581      0.62063
Type379      COVAR   15979       15.095     0.023243       5.5787    0.0034109
Type380      COVAR   15979       1.6406    0.0037375        3.636      0.32592
Type381      COVAR   15979       7.0048     0.014425       4.1072     0.044064
Type382      COVAR   15979      -1.4697   -0.0035737       3.7173      0.65371
Type383      COVAR   15979       2.8948    0.0080057       3.4427      0.20022
Type384      COVAR   15979       2.4519    0.0048022       4.9324      0.30957
Type385      COVAR   15979       3.0972    0.0083277       3.4578      0.18521
Type386      COVAR   15979       5.7372      0.01578       3.3137     0.041704
Type387      COVAR   15979      0.73409    0.0013482         5.23      0.44419
Type388      COVAR   15979      -0.2724  -0.00072233       3.7663      0.52883
Type389      COVAR   15979       8.8058     0.016612       5.1794     0.044562
Type390      COVAR   15979        16.75     0.026756       6.0877    0.0029704
Type391      COVAR   15979       1.5555     0.002575       5.4547      0.38776
Type392      COVAR   15979       20.564     0.030374       6.1681    0.0004292
Type393      COVAR   15979       3.8194    0.0059665        5.666      0.25013
Type394      COVAR   15979       8.5938     0.010717       7.2085      0.11661
Type395      COVAR   15979       23.475     0.025911       8.1495    0.0019881
Type396      COVAR   15979       8.2658    0.0098272       7.7225      0.14224
Type397      COVAR   15979       6.7322     0.010404       5.7438      0.12059
Type398      COVAR   15979       9.4045     0.011773       7.2071     0.095976
Type399      COVAR   15979       10.817      0.01683       5.5785     0.026255
Type400      COVAR   15979       21.769      0.03332       6.2558   0.00025175
Type401      COVAR   15979      -2.0732   -0.0036033       5.3214      0.65158
Type402      COVAR   15979        1.671    0.0024914        6.197      0.39372
Type403      COVAR   15979       10.904     0.022122       4.2912     0.005531
Type404      COVAR   15979       18.623     0.030018       5.6006   0.00044287
Type405      COVAR   15979       9.9704     0.012935       6.8811     0.073686
Type406      COVAR   15979       1.4998    0.0021088       6.4774      0.40845
Type407      COVAR   15979       24.495     0.028564       7.8189   0.00086779
Type408      COVAR   15979       9.1192     0.017974       4.5209     0.021851
Type409      COVAR   15979       19.061     0.024222       6.9899       0.0032
Type410      COVAR   15979       18.486     0.023928       6.9348    0.0038467
Type411      COVAR   15979       15.988     0.026654       5.5749    0.0020696
Type412      COVAR   15979       7.1435     0.010909       5.9976      0.11683
Type413      COVAR   15979       4.9377    0.0073071       5.8347      0.19871
Type414      COVAR   15979       5.1855     0.008001       5.7645      0.18418
Type415      COVAR   15979        8.542     0.014338       5.4101      0.05719
Type416      COVAR   15979       6.6242    0.0092868       6.3766      0.14945
Type417      COVAR   15979       16.747     0.025266       6.0053    0.0026496
Type418      COVAR   15979       10.364     0.015816       5.9818     0.041588
Type419      COVAR   15979       4.7674     0.009079       4.6513       0.1527
Type420      COVAR   15979       3.5295    0.0057957       5.6348      0.26554
Type421      COVAR   15979       9.0767     0.015365       5.3007     0.043427
Type422      COVAR   15979       10.783     0.016429       5.9498     0.034981
Type423      COVAR   15979       0.4501   0.00084906       4.4981      0.46015
Type424      COVAR   15979       18.886      0.02716       6.4973    0.0018286
Type425      COVAR   15979       17.962     0.023045       7.2306       0.0065
Type426      COVAR   15979       10.546     0.018005       5.3455     0.024268
Type427      COVAR   15979       8.1683     0.014607       4.9205     0.048465
Type428      COVAR   15979       13.457     0.022341       5.4468    0.0067505
Type429      COVAR   15979       20.501     0.027432       6.8267    0.0013386
Type430      COVAR   15979       13.385     0.017279       6.8702     0.025699
Type431      COVAR   15979       16.373     0.025717       5.7195    0.0021042
Type432      COVAR   15979       5.7439    0.0084261       6.1548      0.17536
Type433      COVAR   15979       15.971     0.020498       7.3186     0.014553
Type434      COVAR   15979       10.153     0.017235       5.1951     0.025334
Type435      COVAR   15979       2.5841    0.0059664       3.9557       0.2568
Type436      COVAR   15979       14.692      0.02669       4.9173    0.0014076
Type437      COVAR   15979       4.4163    0.0090095       4.3946      0.15747
Type438      COVAR   15979      -1.1618   -0.0026972       3.9324      0.61617
Type439      COVAR   15979     -0.14161  -0.00044915       2.8783      0.51962
Type440      COVAR   15979       1.6632    0.0049168       3.1175      0.29685
Type441      COVAR   15979        2.562     0.005254        4.406      0.28046
Type442      COVAR   15979      0.33006    0.0006165       4.7075      0.47205
Type443      COVAR   15979       28.791     0.045059       5.6007   1.3888e-07
Type444      COVAR   15979       61.248     0.061294        8.908   3.2226e-12
Type445      COVAR   15979       40.554     0.045354       8.0904   2.7188e-07
Type446      COVAR   15979        14.29      0.02216       6.3119     0.011796
Type447      COVAR   15979       21.375     0.025525        7.418    0.0019821
Type448      COVAR   15979       3.6627    0.0096055       3.3035      0.13379
Type449      COVAR   15979        4.353      0.01066       3.6569      0.11697
Type450      COVAR   15979       5.5596     0.011446       4.3075     0.098419
Type451      COVAR   15979       6.1743     0.013444       4.4995     0.085009
Type452      COVAR   15979       1.7521    0.0043551       3.9826      0.32999
Type453      COVAR   15979       5.5208     0.010047       5.1442       0.1416
Type454      COVAR   15979        3.779    0.0069406       5.2648      0.23645
Type455      COVAR   15979       7.9414     0.012425       5.7488     0.083589
Type456      COVAR   15979       8.1102     0.013836       5.6055     0.073985
Type457      COVAR   15979        9.523     0.014114        6.226     0.063075
Type458      COVAR   15979     -0.44724  -0.00092189        4.367      0.54079
Type459      COVAR   15979       25.916     0.030439       7.6164   0.00033471
Type460      COVAR   15979       15.225     0.022271       6.1027     0.006307
Type461      COVAR   15979        13.75     0.017799       7.0827     0.026119
Type462      COVAR   15979       23.731     0.027786       7.8806    0.0013032
Type463      COVAR   15979        36.56     0.038822       8.7941   1.6201e-05
Type464      COVAR   15979       35.143     0.037903       8.5298   1.9055e-05
Type465      COVAR   15979       25.423     0.029233       7.9049   0.00065123
Type466      COVAR   15979       56.081     0.057174        9.167   4.8807e-10
Type467      COVAR   15979       22.005     0.030101       6.3497   0.00026537
Type468      COVAR   15979       38.006     0.047176       7.4725    1.852e-07
Type469      COVAR   15979       16.159     0.023293       6.5348    0.0067091
Type470      COVAR   15979       15.305     0.022851       6.2612    0.0072615
Type471      COVAR   15979       -3.498   -0.0091135       3.6076      0.83387
Type472      COVAR   15979       -2.671   -0.0091358       2.9066      0.82093
Type473      COVAR   15979       14.769     0.028602       4.5294   0.00055718
Type474      COVAR   15979       16.324     0.025819       6.0179    0.0033424
Type475      COVAR   15979       22.084     0.034351       6.0606   0.00013479
Type476      COVAR   15979       16.355     0.025547       6.0194    0.0032975
Type477      COVAR   15979       15.691     0.023364       6.3264    0.0065704
Type478      COVAR   15979       17.084      0.02652        6.173    0.0028281
Type479      COVAR   15979       15.542      0.02612       5.5883    0.0027127
Type480      COVAR   15979       19.943     0.028988       6.5752    0.0012127
Type481      COVAR   15979        14.21     0.020278       6.7234     0.017289
Type482      COVAR   15979       7.8687     0.012233       6.0599     0.097073
Type483      COVAR   15979       9.1822     0.014704       5.8728     0.058979
Type484      COVAR   15979       10.887     0.018336        5.471     0.023306
Type485      COVAR   15979       1.4994    0.0036246       3.7055      0.34287
Type486      COVAR   15979       3.0974    0.0058969       4.6889      0.25444
Type487      COVAR   15979       12.615     0.021894       5.1869    0.0075124
Type488      COVAR   15979       3.6956    0.0099442       3.5461      0.14868
Type489      COVAR   15979       9.8526      0.01752       5.1022     0.026748
Type490      COVAR   15979       9.7834     0.019274       4.6978     0.018656
Type491      COVAR   15979       10.194     0.019199       4.9866     0.020473
Type492      COVAR   15979       8.4088     0.017743       4.2676     0.024407
Type493      COVAR   15979          6.6     0.012328       4.9999     0.093422
Type494      COVAR   15979       16.206     0.025947       5.8578    0.0028356
Type495      COVAR   15979       6.8174     0.012588       4.9258      0.08319
Type496      COVAR   15979        24.57     0.033566       6.6715   0.00011579
Type497      COVAR   15979       14.043     0.024427       5.1967     0.003448
Type498      COVAR   15979     0.022296   4.3724e-05       4.7452      0.49813
Type499      COVAR   15979      0.99454    0.0016995       5.6062       0.4296
Type500      COVAR   15979      -2.7744    -0.017754       1.6931      0.94935
