# MEAN_SAMPLE_SIZE = 90833
# TOTAL_GENES = 15861
# TEST_DIRECTION = one-sided, positive (set), one-sided, positive (covar)
# CONDITIONED_INTERNAL = gene size, gene density, sample size, inverse mac, log(gene size), log(gene density), log(sample size), log(inverse mac)
VARIABLE      TYPE  NGENES         BETA     BETA_STD           SE            P
Type0        COVAR   15861      -1.2148    -0.016079       0.6827       0.9624
Type1        COVAR   15861     -0.54526   -0.0077885      0.61681      0.81164
Type2        COVAR   15861      -1.2845    -0.019923      0.59448      0.98463
Type3        COVAR   15861     -0.41614   -0.0063848      0.58318      0.76225
Type4        COVAR   15861     -0.77821    -0.011089      0.64116      0.88757
Type5        COVAR   15861     -0.29024   -0.0049019      0.51229      0.71448
Type6        COVAR   15861       5.5122     0.031868       1.5996   0.00028525
Type7        COVAR   15861       3.6346     0.024851        1.289    0.0024072
Type8        COVAR   15861     -0.34101   -0.0085189      0.35108      0.83429
Type9        COVAR   15861      -1.1293    -0.027892      0.37635      0.99865
Type10       COVAR   15861      -1.0096    -0.021349       0.4164      0.99233
Type11       COVAR   15861       2.9976     0.019209       1.4422     0.018843
Type12       COVAR   15861       5.1274     0.034029        1.341   6.6045e-05
Type13       COVAR   15861        1.197    0.0088894       1.2412      0.16744
Type14       COVAR   15861       2.5152     0.018747        1.303     0.026796
Type15       COVAR   15861      0.74569    0.0056029       1.1959      0.26648
Type16       COVAR   15861       2.6396     0.017644       1.3385     0.024312
Type17       COVAR   15861      0.80442    0.0063127       1.1367      0.23957
Type18       COVAR   15861      0.49521    0.0037171       1.1905      0.33872
Type19       COVAR   15861       1.7688     0.013944       1.1301     0.058778
Type20       COVAR   15861      0.91702    0.0072666       1.1272      0.20797
Type21       COVAR   15861       2.8975      0.01888       1.4292     0.021324
Type22       COVAR   15861       2.9526     0.022326       1.2541    0.0092869
Type23       COVAR   15861       4.9678     0.030095       1.4994   0.00046257
Type24       COVAR   15861       1.4779     0.011573       1.1558      0.10053
Type25       COVAR   15861       -0.296   -0.0032942      0.79438      0.64528
Type26       COVAR   15861      0.36157    0.0029511       1.0952      0.37065
Type27       COVAR   15861       1.6648     0.011355       1.2988     0.099961
Type28       COVAR   15861       1.6125     0.010273       1.4643      0.13542
Type29       COVAR   15861       2.0894     0.014378       1.3654     0.062988
Type30       COVAR   15861   -0.0082674  -6.5415e-05       1.0863      0.50304
Type31       COVAR   15861      0.92062    0.0060459       1.4082      0.25665
Type32       COVAR   15861      0.15254   0.00099236        1.446        0.458
Type33       COVAR   15861      0.32933    0.0023767       1.3001      0.40001
Type34       COVAR   15861       1.8963     0.012998       1.3557     0.080962
Type35       COVAR   15861      0.71429    0.0055945       1.1404      0.26555
Type36       COVAR   15861      0.35773    0.0029608       1.0684      0.36888
Type37       COVAR   15861       1.2449     0.010092       1.1124      0.13156
Type38       COVAR   15861       3.1261     0.018465       1.6173     0.026633
Type39       COVAR   15861      -0.3118   -0.0021294       1.3793      0.58942
Type40       COVAR   15861      0.64305    0.0050079       1.1668      0.29077
Type41       COVAR   15861     -0.39739   -0.0031744       1.0939       0.6418
Type42       COVAR   15861       1.2232    0.0088771       1.2597      0.16578
Type43       COVAR   15861     -0.40457   -0.0032721       1.1063       0.6427
Type44       COVAR   15861       1.6592     0.011407       1.3263      0.10549
Type45       COVAR   15861       3.9158     0.023395       1.5052    0.0046454
Type46       COVAR   15861       1.1547    0.0079635       1.3099      0.18903
Type47       COVAR   15861      0.51675    0.0046439       1.0127      0.30494
Type48       COVAR   15861     -0.95697   -0.0079387       1.0555      0.81769
Type49       COVAR   15861       2.0955     0.016327       1.1294     0.031784
Type50       COVAR   15861       0.2614     0.002005       1.1453      0.40974
Type51       COVAR   15861        1.094     0.008619       1.1524      0.17124
Type52       COVAR   15861      -1.0199   -0.0089573       1.0872      0.82588
Type53       COVAR   15861       6.9998     0.039392       1.6294   8.7631e-06
Type54       COVAR   15861       5.5022      0.03216        1.624   0.00035292
Type55       COVAR   15861       4.3115     0.028293       1.4315    0.0013002
Type56       COVAR   15861       5.7202     0.037044       1.3846   1.8153e-05
Type57       COVAR   15861       6.8224     0.034686       1.7961   7.3116e-05
Type58       COVAR   15861       7.3234     0.039776       1.6809   6.6466e-06
Type59       COVAR   15861       2.5665     0.017194       1.3558     0.029187
Type60       COVAR   15861     -0.68148    -0.015572      0.38837      0.96033
Type61       COVAR   15861    -0.017725  -0.00045627      0.33397      0.52116
Type62       COVAR   15861     -0.78126    -0.019746      0.35352      0.98644
Type63       COVAR   15861     -0.43427    -0.012431       0.2917      0.93171
Type64       COVAR   15861     -0.46527    -0.010295      0.39376      0.88131
Type65       COVAR   15861     -0.47845     -0.01014      0.41639      0.87472
Type66       COVAR   15861      0.19585    0.0021973      0.79991      0.40329
Type67       COVAR   15861     -0.64243   -0.0065287      0.91307      0.75915
Type68       COVAR   15861     -0.11913    -0.001105      0.98166       0.5483
Type69       COVAR   15861       0.5991    0.0072241      0.73633      0.20793
Type70       COVAR   15861      0.17432    0.0022697      0.70171       0.4019
Type71       COVAR   15861      0.28593     0.003509      0.75239      0.35196
Type72       COVAR   15861       1.7249     0.018755      0.83264     0.019158
Type73       COVAR   15861       1.1304     0.012404      0.83605     0.088195
Type74       COVAR   15861       0.1435    0.0017432      0.76164      0.42528
Type75       COVAR   15861       4.5372      0.02712       1.5487    0.0016992
Type76       COVAR   15861       4.4697     0.032418       1.2624   0.00020028
Type77       COVAR   15861       2.2482     0.015878       1.2697     0.038314
Type78       COVAR   15861       5.0805     0.031188       1.4617   0.00025561
Type79       COVAR   15861       2.5941     0.015178       1.5608     0.048261
Type80       COVAR   15861       6.6888     0.037133       1.6487   2.4993e-05
Type81       COVAR   15861       5.4739      0.02822       1.7774    0.0010381
Type82       COVAR   15861       7.1251     0.041604        1.559   2.4555e-06
Type83       COVAR   15861       8.5551     0.043414       1.7699    6.775e-07
Type84       COVAR   15861       2.0408     0.012895       1.4426     0.078591
Type85       COVAR   15861       5.5961     0.030773       1.6314   0.00030254
Type86       COVAR   15861       2.8945     0.018368       1.4307      0.02154
Type87       COVAR   15861       3.2881     0.018116       1.6098     0.020559
Type88       COVAR   15861       6.3177      0.03248       1.7951   0.00021696
Type89       COVAR   15861       4.7352     0.027459       1.4978   0.00078664
Type90       COVAR   15861       6.1047     0.035623       1.5811   5.6744e-05
Type91       COVAR   15861       4.3211      0.02497        1.656    0.0045414
Type92       COVAR   15861       4.5163     0.026293       1.5844    0.0021864
Type93       COVAR   15861       1.6908     0.011107        1.342      0.10386
Type94       COVAR   15861       4.5602     0.030895        1.338   0.00032779
Type95       COVAR   15861       5.2979      0.03262       1.4558   0.00013721
Type96       COVAR   15861       6.4653     0.037647       1.6004   2.6908e-05
Type97       COVAR   15861       6.2684     0.039325       1.4654   9.5051e-06
Type98       COVAR   15861       4.4209     0.027668       1.4919    0.0015243
Type99       COVAR   15861   -0.0026969  -2.8874e-05      0.83906      0.50128
Type100      COVAR   15861       2.3831     0.015536       1.3792     0.042018
Type101      COVAR   15861       1.0458    0.0070439       1.3042      0.21132
Type102      COVAR   15861       9.6525     0.047777       1.8315   6.9214e-08
Type103      COVAR   15861        5.963     0.031432       1.8041   0.00047578
Type104      COVAR   15861       5.0793     0.027211       1.7113    0.0015011
Type105      COVAR   15861       2.4943     0.015276       1.4862     0.046656
Type106      COVAR   15861       3.5106     0.019665       1.6245     0.015356
Type107      COVAR   15861       5.6486     0.031583       1.6211   0.00024733
Type108      COVAR   15861       3.6579     0.021594       1.5242    0.0082076
Type109      COVAR   15861        4.711     0.025107       1.7155    0.0030195
Type110      COVAR   15861        1.605    0.0095961       1.5058      0.14325
Type111      COVAR   15861       3.7823      0.02405       1.4735    0.0051362
Type112      COVAR   15861       7.2632     0.035503       1.9437   9.3566e-05
Type113      COVAR   15861       8.0898     0.040441       1.8296   4.9381e-06
Type114      COVAR   15861       5.0192     0.027434       1.6633    0.0012765
Type115      COVAR   15861       8.6519     0.044239       1.8139   9.3237e-07
Type116      COVAR   15861       3.2367     0.017034        1.753     0.032428
Type117      COVAR   15861      -1.4197    -0.032144      0.40244      0.99979
Type118      COVAR   15861     -0.62772    -0.013665      0.41652      0.93409
Type119      COVAR   15861    -0.092934   -0.0019183      0.42298      0.58695
Type120      COVAR   15861      0.20806    0.0043843      0.40902      0.30549
Type121      COVAR   15861        5.398     0.032063       1.5211   0.00019427
Type122      COVAR   15861       4.6378     0.029015       1.4462   0.00067224
Type123      COVAR   15861       3.4072     0.021796       1.4401    0.0089997
Type124      COVAR   15861       4.1267     0.027209       1.3418    0.0010531
Type125      COVAR   15861      0.89466    0.0062992        1.279      0.24213
Type126      COVAR   15861       1.9118     0.011478       1.5057       0.1021
Type127      COVAR   15861       2.6384     0.016585       1.4475     0.034182
Type128      COVAR   15861       2.4096     0.016105       1.3257     0.034576
Type129      COVAR   15861       3.6576     0.022137       1.5099    0.0077154
Type130      COVAR   15861      0.41645      0.00292       1.2952       0.3739
Type131      COVAR   15861       3.2036     0.018535       1.5514      0.01947
Type132      COVAR   15861      0.21265    0.0013466        1.408      0.43998
Type133      COVAR   15861        3.021     0.019209       1.3733     0.013921
Type134      COVAR   15861       2.5786     0.016386       1.4313     0.035818
Type135      COVAR   15861       2.9568     0.020642       1.3063     0.011813
Type136      COVAR   15861       3.5998     0.021918       1.4943    0.0080052
